Archive member included to satisfy reference by file (symbol)

/Applications/STM32CubeIDE.app/Contents/Eclipse/plugins/com.st.stm32cube.ide.mcu.externaltools.gnu-tools-for-stm32.14.3.rel1.macos64_1.0.100.202602081740/tools/bin/../lib/gcc/arm-none-eabi/14.3.1/../../../../arm-none-eabi/lib/thumb/v6-m/nofp/libc_nano.a(libc_a-exit.o)
                              /Applications/STM32CubeIDE.app/Contents/Eclipse/plugins/com.st.stm32cube.ide.mcu.externaltools.gnu-tools-for-stm32.14.3.rel1.macos64_1.0.100.202602081740/tools/bin/../lib/gcc/arm-none-eabi/14.3.1/../../../../arm-none-eabi/lib/thumb/v6-m/nofp/crt0.o (exit)
/Applications/STM32CubeIDE.app/Contents/Eclipse/plugins/com.st.stm32cube.ide.mcu.externaltools.gnu-tools-for-stm32.14.3.rel1.macos64_1.0.100.202602081740/tools/bin/../lib/gcc/arm-none-eabi/14.3.1/../../../../arm-none-eabi/lib/thumb/v6-m/nofp/libc_nano.a(libc_a-findfp.o)
                              /Applications/STM32CubeIDE.app/Contents/Eclipse/plugins/com.st.stm32cube.ide.mcu.externaltools.gnu-tools-for-stm32.14.3.rel1.macos64_1.0.100.202602081740/tools/bin/../lib/gcc/arm-none-eabi/14.3.1/../../../../arm-none-eabi/lib/thumb/v6-m/nofp/libc_nano.a(libc_a-exit.o) (__stdio_exit_handler)
/Applications/STM32CubeIDE.app/Contents/Eclipse/plugins/com.st.stm32cube.ide.mcu.externaltools.gnu-tools-for-stm32.14.3.rel1.macos64_1.0.100.202602081740/tools/bin/../lib/gcc/arm-none-eabi/14.3.1/../../../../arm-none-eabi/lib/thumb/v6-m/nofp/libc_nano.a(libc_a-fwalk.o)
                              /Applications/STM32CubeIDE.app/Contents/Eclipse/plugins/com.st.stm32cube.ide.mcu.externaltools.gnu-tools-for-stm32.14.3.rel1.macos64_1.0.100.202602081740/tools/bin/../lib/gcc/arm-none-eabi/14.3.1/../../../../arm-none-eabi/lib/thumb/v6-m/nofp/libc_nano.a(libc_a-findfp.o) (_fwalk_sglue)
/Applications/STM32CubeIDE.app/Contents/Eclipse/plugins/com.st.stm32cube.ide.mcu.externaltools.gnu-tools-for-stm32.14.3.rel1.macos64_1.0.100.202602081740/tools/bin/../lib/gcc/arm-none-eabi/14.3.1/../../../../arm-none-eabi/lib/thumb/v6-m/nofp/libc_nano.a(libc_a-memset.o)
                              /Applications/STM32CubeIDE.app/Contents/Eclipse/plugins/com.st.stm32cube.ide.mcu.externaltools.gnu-tools-for-stm32.14.3.rel1.macos64_1.0.100.202602081740/tools/bin/../lib/gcc/arm-none-eabi/14.3.1/../../../../arm-none-eabi/lib/thumb/v6-m/nofp/crt0.o (memset)
/Applications/STM32CubeIDE.app/Contents/Eclipse/plugins/com.st.stm32cube.ide.mcu.externaltools.gnu-tools-for-stm32.14.3.rel1.macos64_1.0.100.202602081740/tools/bin/../lib/gcc/arm-none-eabi/14.3.1/../../../../arm-none-eabi/lib/thumb/v6-m/nofp/libc_nano.a(libc_a-errno.o)
                              ./Core/Src/syscalls.o (__errno)
/Applications/STM32CubeIDE.app/Contents/Eclipse/plugins/com.st.stm32cube.ide.mcu.externaltools.gnu-tools-for-stm32.14.3.rel1.macos64_1.0.100.202602081740/tools/bin/../lib/gcc/arm-none-eabi/14.3.1/../../../../arm-none-eabi/lib/thumb/v6-m/nofp/libc_nano.a(libc_a-init.o)
                              /Applications/STM32CubeIDE.app/Contents/Eclipse/plugins/com.st.stm32cube.ide.mcu.externaltools.gnu-tools-for-stm32.14.3.rel1.macos64_1.0.100.202602081740/tools/bin/../lib/gcc/arm-none-eabi/14.3.1/../../../../arm-none-eabi/lib/thumb/v6-m/nofp/crt0.o (__libc_init_array)
/Applications/STM32CubeIDE.app/Contents/Eclipse/plugins/com.st.stm32cube.ide.mcu.externaltools.gnu-tools-for-stm32.14.3.rel1.macos64_1.0.100.202602081740/tools/bin/../lib/gcc/arm-none-eabi/14.3.1/../../../../arm-none-eabi/lib/thumb/v6-m/nofp/libc_nano.a(libc_a-lock.o)
                              /Applications/STM32CubeIDE.app/Contents/Eclipse/plugins/com.st.stm32cube.ide.mcu.externaltools.gnu-tools-for-stm32.14.3.rel1.macos64_1.0.100.202602081740/tools/bin/../lib/gcc/arm-none-eabi/14.3.1/../../../../arm-none-eabi/lib/thumb/v6-m/nofp/libc_nano.a(libc_a-findfp.o) (__retarget_lock_init_recursive)
/Applications/STM32CubeIDE.app/Contents/Eclipse/plugins/com.st.stm32cube.ide.mcu.externaltools.gnu-tools-for-stm32.14.3.rel1.macos64_1.0.100.202602081740/tools/bin/../lib/gcc/arm-none-eabi/14.3.1/../../../../arm-none-eabi/lib/thumb/v6-m/nofp/libc_nano.a(libc_a-impure.o)
                              /Applications/STM32CubeIDE.app/Contents/Eclipse/plugins/com.st.stm32cube.ide.mcu.externaltools.gnu-tools-for-stm32.14.3.rel1.macos64_1.0.100.202602081740/tools/bin/../lib/gcc/arm-none-eabi/14.3.1/../../../../arm-none-eabi/lib/thumb/v6-m/nofp/libc_nano.a(libc_a-errno.o) (_impure_ptr)
/Applications/STM32CubeIDE.app/Contents/Eclipse/plugins/com.st.stm32cube.ide.mcu.externaltools.gnu-tools-for-stm32.14.3.rel1.macos64_1.0.100.202602081740/tools/bin/../lib/gcc/arm-none-eabi/14.3.1/../../../../arm-none-eabi/lib/thumb/v6-m/nofp/libc_nano.a(libc_a-mallocr.o)
[...]
Memory Configuration

Name             Origin             Length             Attributes
RAM              0x20000000         0x00024000         xrw
FLASH            0x08000000         0x00020000         xr
*default*        0x00000000         0xffffffff

Linker script and memory map

LOAD /Applications/STM32CubeIDE.app/Contents/Eclipse/plugins/com.st.stm32cube.ide.mcu.externaltools.gnu-tools-for-stm32.14.3.rel1.macos64_1.0.100.202602081740/tools/bin/../lib/gcc/arm-none-eabi/14.3.1/thumb/v6-m/nofp/crti.o
LOAD /Applications/STM32CubeIDE.app/Contents/Eclipse/plugins/com.st.stm32cube.ide.mcu.externaltools.gnu-tools-for-stm32.14.3.rel1.macos64_1.0.100.202602081740/tools/bin/../lib/gcc/arm-none-eabi/14.3.1/thumb/v6-m/nofp/crtbegin.o
LOAD /Applications/STM32CubeIDE.app/Contents/Eclipse/plugins/com.st.stm32cube.ide.mcu.externaltools.gnu-tools-for-stm32.14.3.rel1.macos64_1.0.100.202602081740/tools/bin/../lib/gcc/arm-none-eabi/14.3.1/../../../../arm-none-eabi/lib/thumb/v6-m/nofp/crt0.o
LOAD ./Core/Src/main.o
LOAD ./Core/Src/stm32g0xx_hal_msp.o
LOAD ./Core/Src/stm32g0xx_it.o
LOAD ./Core/Src/syscalls.o
LOAD ./Core/Src/sysmem.o
LOAD ./Core/Src/system_stm32g0xx.o
LOAD ./Core/Startup/startup_stm32g0b1cbtx.o
LOAD ./Drivers/STM32G0xx_HAL_Driver/Src/stm32g0xx_hal.o
LOAD ./Drivers/STM32G0xx_HAL_Driver/Src/stm32g0xx_hal_cortex.o
LOAD ./Drivers/STM32G0xx_HAL_Driver/Src/stm32g0xx_hal_dma.o
LOAD ./Drivers/STM32G0xx_HAL_Driver/Src/stm32g0xx_hal_dma_ex.o
LOAD ./Drivers/STM32G0xx_HAL_Driver/Src/stm32g0xx_hal_exti.o
LOAD ./Drivers/STM32G0xx_HAL_Driver/Src/stm32g0xx_hal_flash.o
LOAD ./Drivers/STM32G0xx_HAL_Driver/Src/stm32g0xx_hal_flash_ex.o
LOAD ./Drivers/STM32G0xx_HAL_Driver/Src/stm32g0xx_hal_gpio.o
LOAD ./Drivers/STM32G0xx_HAL_Driver/Src/stm32g0xx_hal_pcd.o
LOAD ./Drivers/STM32G0xx_HAL_Driver/Src/stm32g0xx_hal_pcd_ex.o
LOAD ./Drivers/STM32G0xx_HAL_Driver/Src/stm32g0xx_hal_pwr.o
LOAD ./Drivers/STM32G0xx_HAL_Driver/Src/stm32g0xx_hal_pwr_ex.o
LOAD ./Drivers/STM32G0xx_HAL_Driver/Src/stm32g0xx_hal_rcc.o
LOAD ./Drivers/STM32G0xx_HAL_Driver/Src/stm32g0xx_hal_rcc_ex.o
LOAD ./Drivers/STM32G0xx_HAL_Driver/Src/stm32g0xx_ll_crs.o
LOAD ./Drivers/STM32G0xx_HAL_Driver/Src/stm32g0xx_ll_exti.o
LOAD ./Drivers/STM32G0xx_HAL_Driver/Src/stm32g0xx_ll_rcc.o
LOAD ./Drivers/STM32G0xx_HAL_Driver/Src/stm32g0xx_ll_usb.o
LOAD ./Drivers/STM32G0xx_HAL_Driver/Src/stm32g0xx_ll_utils.o
LOAD ./Middlewares/ST/STM32_USB_Device_Library/Class/DFU/Src/usbd_dfu.o
LOAD ./Middlewares/ST/STM32_USB_Device_Library/Core/Src/usbd_core.o
LOAD ./Middlewares/ST/STM32_USB_Device_Library/Core/Src/usbd_ctlreq.o
LOAD ./Middlewares/ST/STM32_USB_Device_Library/Core/Src/usbd_ioreq.o
LOAD ./USB_Device/App/usb_device.o
LOAD ./USB_Device/App/usbd_desc.o
LOAD ./USB_Device/App/usbd_dfu_flash.o
LOAD ./USB_Device/Target/usbd_conf.o
START GROUP
LOAD /Applications/STM32CubeIDE.app/Contents/Eclipse/plugins/com.st.stm32cube.ide.mcu.externaltools.gnu-tools-for-stm32.14.3.rel1.macos64_1.0.100.202602081740/tools/bin/../lib/gcc/arm-none-eabi/14.3.1/../../../../arm-none-eabi/lib/thumb/v6-m/nofp/libc_nano.a
LOAD /Applications/STM32CubeIDE.app/Contents/Eclipse/plugins/com.st.stm32cube.ide.mcu.externaltools.gnu-tools-for-stm32.14.3.rel1.macos64_1.0.100.202602081740/tools/bin/../lib/gcc/arm-none-eabi/14.3.1/../../../../arm-none-eabi/lib/thumb/v6-m/nofp/libm.a
END GROUP
START GROUP
LOAD /Applications/STM32CubeIDE.app/Contents/Eclipse/plugins/com.st.stm32cube.ide.mcu.externaltools.gnu-tools-for-stm32.14.3.rel1.macos64_1.0.100.202602081740/tools/bin/../lib/gcc/arm-none-eabi/14.3.1/thumb/v6-m/nofp/libgcc.a
LOAD /Applications/STM32CubeIDE.app/Contents/Eclipse/plugins/com.st.stm32cube.ide.mcu.externaltools.gnu-tools-for-stm32.14.3.rel1.macos64_1.0.100.202602081740/tools/bin/../lib/gcc/arm-none-eabi/14.3.1/../../../../arm-none-eabi/lib/thumb/v6-m/nofp/libc_nano.a
END GROUP
START GROUP
LOAD /Applications/STM32CubeIDE.app/Contents/Eclipse/plugins/com.st.stm32cube.ide.mcu.externaltools.gnu-tools-for-stm32.14.3.rel1.macos64_1.0.100.202602081740/tools/bin/../lib/gcc/arm-none-eabi/14.3.1/thumb/v6-m/nofp/libgcc.a
LOAD /Applications/STM32CubeIDE.app/Contents/Eclipse/plugins/com.st.stm32cube.ide.mcu.externaltools.gnu-tools-for-stm32.14.3.rel1.macos64_1.0.100.202602081740/tools/bin/../lib/gcc/arm-none-eabi/14.3.1/../../../../arm-none-eabi/lib/thumb/v6-m/nofp/libc_nano.a
LOAD /Applications/STM32CubeIDE.app/Contents/Eclipse/plugins/com.st.stm32cube.ide.mcu.externaltools.gnu-tools-for-stm32.14.3.rel1.macos64_1.0.100.202602081740/tools/bin/../lib/gcc/arm-none-eabi/14.3.1/../../../../arm-none-eabi/lib/thumb/v6-m/nofp/libnosys.a
END GROUP
START GROUP
LOAD /Applications/STM32CubeIDE.app/Contents/Eclipse/plugins/com.st.stm32cube.ide.mcu.externaltools.gnu-tools-for-stm32.14.3.rel1.macos64_1.0.100.202602081740/tools/bin/../lib/gcc/arm-none-eabi/14.3.1/thumb/v6-m/nofp/libgcc.a
LOAD /Applications/STM32CubeIDE.app/Contents/Eclipse/plugins/com.st.stm32cube.ide.mcu.externaltools.gnu-tools-for-stm32.14.3.rel1.macos64_1.0.100.202602081740/tools/bin/../lib/gcc/arm-none-eabi/14.3.1/../../../../arm-none-eabi/lib/thumb/v6-m/nofp/libc_nano.a
LOAD /Applications/STM32CubeIDE.app/Contents/Eclipse/plugins/com.st.stm32cube.ide.mcu.externaltools.gnu-tools-for-stm32.14.3.rel1.macos64_1.0.100.202602081740/tools/bin/../lib/gcc/arm-none-eabi/14.3.1/../../../../arm-none-eabi/lib/thumb/v6-m/nofp/libnosys.a
END GROUP
LOAD /Applications/STM32CubeIDE.app/Contents/Eclipse/plugins/com.st.stm32cube.ide.mcu.externaltools.gnu-tools-for-stm32.14.3.rel1.macos64_1.0.100.202602081740/tools/bin/../lib/gcc/arm-none-eabi/14.3.1/thumb/v6-m/nofp/crtend.o
LOAD /Applications/STM32CubeIDE.app/Contents/Eclipse/plugins/com.st.stm32cube.ide.mcu.externaltools.gnu-tools-for-stm32.14.3.rel1.macos64_1.0.100.202602081740/tools/bin/../lib/gcc/arm-none-eabi/14.3.1/thumb/v6-m/nofp/crtn.o
                0x20024000                        _estack = (ORIGIN (RAM) + LENGTH (RAM))
                0x00000200                        _Min_Heap_Size = 0x200
                0x00000400                        _Min_Stack_Size = 0x400

.isr_vector     0x08000000       0xbc
                0x08000000                        . = ALIGN (0x4)
 *(.isr_vector)
 .isr_vector    0x08000000       0xbc ./Core/Startup/startup_stm32g0b1cbtx.o
                0x08000000                g_pfnVectors
                0x080000bc                        . = ALIGN (0x4)

.text           0x080000c0     0x7b98
                0x080000c0                        . = ALIGN (0x4)
 *(.text)
 .text          0x080000c0       0x48 /Applications/STM32CubeIDE.app/Contents/Eclipse/plugins/com.st.stm32cube.ide.mcu.externaltools.gnu-tools-for-stm32.14.3.rel1.macos64_1.0.100.202602081740/tools/bin/../lib/gcc/arm-none-eabi/14.3.1/thumb/v6-m/nofp/crtbegin.o
 .text          0x08000108      0x114 /Applications/STM32CubeIDE.app/Contents/Eclipse/plugins/com.st.stm32cube.ide.mcu.externaltools.gnu-tools-for-stm32.14.3.rel1.macos64_1.0.100.202602081740/tools/bin/../lib/gcc/arm-none-eabi/14.3.1/thumb/v6-m/nofp/libgcc.a(_udivsi3.o)
                0x08000108                __udivsi3
                0x08000108                __aeabi_uidiv
                0x08000214                __aeabi_uidivmod
 .text          0x0800021c        0x4 /Applications/STM32CubeIDE.app/Contents/Eclipse/plugins/com.st.stm32cube.ide.mcu.externaltools.gnu-tools-for-stm32.14.3.rel1.macos64_1.0.100.202602081740/tools/bin/../lib/gcc/arm-none-eabi/14.3.1/thumb/v6-m/nofp/libgcc.a(_dvmd_tls.o)
                0x0800021c                __aeabi_ldiv0
                0x0800021c                __aeabi_idiv0
 *(.text*)
 .text.LL_RCC_HSI_Enable
                0x08000220       0x1c ./Core/Src/main.o
 .text.LL_RCC_HSI_IsReady
                0x0800023c       0x28 ./Core/Src/main.o
 .text.LL_RCC_HSI48_Enable
                0x08000264       0x1c ./Core/Src/main.o
 .text.LL_RCC_HSI48_IsReady
                0x08000280       0x28 ./Core/Src/main.o
 .text.LL_RCC_SetSysClkSource
                0x080002a8       0x28 ./Core/Src/main.o
 .text.LL_RCC_GetSysClkSource
                0x080002d0       0x18 ./Core/Src/main.o
 .text.LL_RCC_SetAHBPrescaler
                0x080002e8       0x2c ./Core/Src/main.o
 .text.LL_RCC_SetAPB1Prescaler
                0x08000314       0x2c ./Core/Src/main.o
 .text.main     0x08000340       0x98 ./Core/Src/main.o
                0x08000340                main
 .text.SystemClock_Config
                0x080003d8       0x60 ./Core/Src/main.o
                0x080003d8                SystemClock_Config
 .text.MX_GPIO_Init
                0x08000438       0xac ./Core/Src/main.o
 .text.Error_Handler
                0x080004e4        0xc ./Core/Src/main.o
                0x080004e4                Error_Handler
 .text.HAL_MspInit
                0x080004f0       0x50 ./Core/Src/stm32g0xx_hal_msp.o
                0x080004f0                HAL_MspInit
 .text.NMI_Handler
                0x08000540        0x8 ./Core/Src/stm32g0xx_it.o
                0x08000540                NMI_Handler
 .text.HardFault_Handler
                0x08000548        0x8 ./Core/Src/stm32g0xx_it.o
                0x08000548                HardFault_Handler
 .text.SVC_Handler
                0x08000550        0xa ./Core/Src/stm32g0xx_it.o
                0x08000550                SVC_Handler
 .text.PendSV_Handler
                0x0800055a        0xa ./Core/Src/stm32g0xx_it.o
                0x0800055a                PendSV_Handler
 .text.SysTick_Handler
                0x08000564        0xe ./Core/Src/stm32g0xx_it.o
                0x08000564                SysTick_Handler
 *fill*         0x08000572        0x2 
 .text.USB_UCPD1_2_IRQHandler
                0x08000574       0x18 ./Core/Src/stm32g0xx_it.o
                0x08000574                USB_UCPD1_2_IRQHandler
 .text.SystemInit
                0x0800058c        0xa ./Core/Src/system_stm32g0xx.o
                0x0800058c                SystemInit
 *fill*         0x08000596        0x2 
 .text.Reset_Handler
                0x08000598       0x50 ./Core/Startup/startup_stm32g0b1cbtx.o
                0x08000598                Reset_Handler
 .text.Default_Handler
                0x080005e8        0x2 ./Core/Startup/startup_stm32g0b1cbtx.o
                0x080005e8                TIM1_BRK_UP_TRG_COM_IRQHandler
                0x080005e8                USART3_4_5_6_LPUART1_IRQHandler
                0x080005e8                TIM1_CC_IRQHandler
                0x080005e8                ADC1_COMP_IRQHandler
                0x080005e8                I2C1_IRQHandler
                0x080005e8                TIM7_LPTIM2_IRQHandler
                0x080005e8                TIM17_FDCAN_IT1_IRQHandler
                0x080005e8                DMA1_Ch4_7_DMA2_Ch1_5_DMAMUX1_OVR_IRQHandler
                0x080005e8                RCC_CRS_IRQHandler
                0x080005e8                RTC_TAMP_IRQHandler
                0x080005e8                SPI1_IRQHandler
                0x080005e8                EXTI2_3_IRQHandler
                0x080005e8                USART2_LPUART2_IRQHandler
                0x080005e8                PVD_VDDIO2_IRQHandler
                0x080005e8                EXTI4_15_IRQHandler
                0x080005e8                DMA1_Channel1_IRQHandler
                0x080005e8                Default_Handler
                0x080005e8                CEC_IRQHandler
                0x080005e8                TIM14_IRQHandler
                0x080005e8                TIM15_IRQHandler
                0x080005e8                TIM3_TIM4_IRQHandler
                0x080005e8                EXTI0_1_IRQHandler
                0x080005e8                SPI2_3_IRQHandler
                0x080005e8                TIM6_DAC_LPTIM1_IRQHandler
                0x080005e8                WWDG_IRQHandler
                0x080005e8                TIM2_IRQHandler
                0x080005e8                DMA1_Channel2_3_IRQHandler
                0x080005e8                FLASH_IRQHandler
                0x080005e8                USART1_IRQHandler
                0x080005e8                TIM16_FDCAN_IT0_IRQHandler
                0x080005e8                I2C2_3_IRQHandler
 *fill*         0x080005ea        0x2 
 .text.HAL_Init
                0x080005ec       0x40 ./Drivers/STM32G0xx_HAL_Driver/Src/stm32g0xx_hal.o
                0x080005ec                HAL_Init
 .text.HAL_InitTick
                0x0800062c       0x94 ./Drivers/STM32G0xx_HAL_Driver/Src/stm32g0xx_hal.o
                0x0800062c                HAL_InitTick
 .text.HAL_IncTick
                0x080006c0       0x24 ./Drivers/STM32G0xx_HAL_Driver/Src/stm32g0xx_hal.o
                0x080006c0                HAL_IncTick
 .text.HAL_GetTick
                0x080006e4       0x14 ./Drivers/STM32G0xx_HAL_Driver/Src/stm32g0xx_hal.o
                0x080006e4                HAL_GetTick
 .text.HAL_Delay
                0x080006f8       0x48 ./Drivers/STM32G0xx_HAL_Driver/Src/stm32g0xx_hal.o
                0x080006f8                HAL_Delay
 .text.HAL_SYSCFG_StrobeDBattpinsConfig
                0x08000740       0x2c ./Drivers/STM32G0xx_HAL_Driver/Src/stm32g0xx_hal.o
                0x08000740                HAL_SYSCFG_StrobeDBattpinsConfig
 .text.__NVIC_EnableIRQ
                0x0800076c       0x34 ./Drivers/STM32G0xx_HAL_Driver/Src/stm32g0xx_hal_cortex.o
 .text.__NVIC_SetPriority
                0x080007a0       0xdc ./Drivers/STM32G0xx_HAL_Driver/Src/stm32g0xx_hal_cortex.o
 .text.SysTick_Config
                0x0800087c       0x48 ./Drivers/STM32G0xx_HAL_Driver/Src/stm32g0xx_hal_cortex.o
 .text.HAL_NVIC_SetPriority
                0x080008c4       0x2a ./Drivers/STM32G0xx_HAL_Driver/Src/stm32g0xx_hal_cortex.o
                0x080008c4                HAL_NVIC_SetPriority
 .text.HAL_NVIC_EnableIRQ
                0x080008ee       0x20 ./Drivers/STM32G0xx_HAL_Driver/Src/stm32g0xx_hal_cortex.o
                0x080008ee                HAL_NVIC_EnableIRQ
 .text.HAL_SYSTICK_Config
                0x0800090e       0x1a ./Drivers/STM32G0xx_HAL_Driver/Src/stm32g0xx_hal_cortex.o
                0x0800090e                HAL_SYSTICK_Config
 .text.HAL_FLASH_Program
                0x08000928       0x9c ./Drivers/STM32G0xx_HAL_Driver/Src/stm32g0xx_hal_flash.o
                0x08000928                HAL_FLASH_Program
 .text.HAL_FLASH_Unlock
                0x080009c4       0x48 ./Drivers/STM32G0xx_HAL_Driver/Src/stm32g0xx_hal_flash.o
                0x080009c4                HAL_FLASH_Unlock
 .text.HAL_FLASH_Lock
                0x08000a0c       0x44 ./Drivers/STM32G0xx_HAL_Driver/Src/stm32g0xx_hal_flash.o
                0x08000a0c                HAL_FLASH_Lock
 .text.FLASH_WaitForLastOperation
                0x08000a50       0x9c ./Drivers/STM32G0xx_HAL_Driver/Src/stm32g0xx_hal_flash.o
                0x08000a50                FLASH_WaitForLastOperation
 .text.FLASH_Program_DoubleWord
                0x08000aec       0x40 ./Drivers/STM32G0xx_HAL_Driver/Src/stm32g0xx_hal_flash.o
 .text.HAL_FLASHEx_Erase
                0x08000b2c       0xe0 ./Drivers/STM32G0xx_HAL_Driver/Src/stm32g0xx_hal_flash_ex.o
                0x08000b2c                HAL_FLASHEx_Erase
 .text.FLASH_MassErase
                0x08000c0c       0x28 ./Drivers/STM32G0xx_HAL_Driver/Src/stm32g0xx_hal_flash_ex.o
 .text.FLASH_PageErase
                0x08000c34       0x58 ./Drivers/STM32G0xx_HAL_Driver/Src/stm32g0xx_hal_flash_ex.o
                0x08000c34                FLASH_PageErase
 .text.HAL_GPIO_Init
                0x08000c8c      0x2d8 ./Drivers/STM32G0xx_HAL_Driver/Src/stm32g0xx_hal_gpio.o
                0x08000c8c                HAL_GPIO_Init
 .text.HAL_GPIO_ReadPin
                0x08000f64       0x3a ./Drivers/STM32G0xx_HAL_Driver/Src/stm32g0xx_hal_gpio.o
                0x08000f64                HAL_GPIO_ReadPin
 .text.HAL_GPIO_WritePin
                0x08000f9e       0x3a ./Drivers/STM32G0xx_HAL_Driver/Src/stm32g0xx_hal_gpio.o
                0x08000f9e                HAL_GPIO_WritePin
 .text.HAL_GPIO_TogglePin
                0x08000fd8       0x36 ./Drivers/STM32G0xx_HAL_Driver/Src/stm32g0xx_hal_gpio.o
                0x08000fd8                HAL_GPIO_TogglePin
 *fill*         0x0800100e        0x2 
 .text.PCD_GET_EP_RX_CNT
                0x08001010       0x44 ./Drivers/STM32G0xx_HAL_Driver/Src/stm32g0xx_hal_pcd.o
 .text.PCD_GET_EP_DBUF0_CNT
                0x08001054       0x44 ./Drivers/STM32G0xx_HAL_Driver/Src/stm32g0xx_hal_pcd.o
 .text.PCD_GET_EP_DBUF1_CNT
                0x08001098       0x44 ./Drivers/STM32G0xx_HAL_Driver/Src/stm32g0xx_hal_pcd.o
 .text.HAL_PCD_Init
                0x080010dc      0x1f4 ./Drivers/STM32G0xx_HAL_Driver/Src/stm32g0xx_hal_pcd.o
                0x080010dc                HAL_PCD_Init
 .text.HAL_PCD_Start
                0x080012d0       0x4a ./Drivers/STM32G0xx_HAL_Driver/Src/stm32g0xx_hal_pcd.o
                0x080012d0                HAL_PCD_Start
 .text.HAL_PCD_Stop
                0x0800131a       0x4a ./Drivers/STM32G0xx_HAL_Driver/Src/stm32g0xx_hal_pcd.o
                0x0800131a                HAL_PCD_Stop
 .text.HAL_PCD_IRQHandler
                0x08001364      0x22c ./Drivers/STM32G0xx_HAL_Driver/Src/stm32g0xx_hal_pcd.o
                0x08001364                HAL_PCD_IRQHandler
 .text.HAL_PCD_SetAddress
                0x08001590       0x54 ./Drivers/STM32G0xx_HAL_Driver/Src/stm32g0xx_hal_pcd.o
                0x08001590                HAL_PCD_SetAddress
 .text.HAL_PCD_EP_Open
                0x080015e4       0xe2 ./Drivers/STM32G0xx_HAL_Driver/Src/stm32g0xx_hal_pcd.o
                0x080015e4                HAL_PCD_EP_Open
 .text.HAL_PCD_EP_Receive
                0x080016c6       0x70 ./Drivers/STM32G0xx_HAL_Driver/Src/stm32g0xx_hal_pcd.o
                0x080016c6                HAL_PCD_EP_Receive
 .text.HAL_PCD_EP_Transmit
                0x08001736       0x7a ./Drivers/STM32G0xx_HAL_Driver/Src/stm32g0xx_hal_pcd.o
                0x08001736                HAL_PCD_EP_Transmit
 .text.HAL_PCD_EP_SetStall
                0x080017b0       0xbc ./Drivers/STM32G0xx_HAL_Driver/Src/stm32g0xx_hal_pcd.o
                0x080017b0                HAL_PCD_EP_SetStall
 .text.HAL_PCD_EP_ClrStall
                0x0800186c       0xc0 ./Drivers/STM32G0xx_HAL_Driver/Src/stm32g0xx_hal_pcd.o
                0x0800186c                HAL_PCD_EP_ClrStall
 .text.PCD_EP_ISR_Handler
                0x0800192c      0x6e0 ./Drivers/STM32G0xx_HAL_Driver/Src/stm32g0xx_hal_pcd.o
 .text.HAL_PCD_EP_DB_Receive
                0x0800200c      0x1d4 ./Drivers/STM32G0xx_HAL_Driver/Src/stm32g0xx_hal_pcd.o
 .text.HAL_PCD_EP_DB_Transmit
                0x080021e0      0x794 ./Drivers/STM32G0xx_HAL_Driver/Src/stm32g0xx_hal_pcd.o
 .text.HAL_PCDEx_PMAConfig
                0x08002974       0xa0 ./Drivers/STM32G0xx_HAL_Driver/Src/stm32g0xx_hal_pcd_ex.o
                0x08002974                HAL_PCDEx_PMAConfig
 .text.HAL_PCDEx_ActivateLPM
                0x08002a14       0x44 ./Drivers/STM32G0xx_HAL_Driver/Src/stm32g0xx_hal_pcd_ex.o
                0x08002a14                HAL_PCDEx_ActivateLPM
 .text.HAL_PWREx_EnableVddUSB
                0x08002a58       0x1c ./Drivers/STM32G0xx_HAL_Driver/Src/stm32g0xx_hal_pwr_ex.o
                0x08002a58                HAL_PWREx_EnableVddUSB
 .text.USB_EnableGlobalInt
                0x08002a74       0x28 ./Drivers/STM32G0xx_HAL_Driver/Src/stm32g0xx_ll_usb.o
                0x08002a74                USB_EnableGlobalInt
 .text.USB_DisableGlobalInt
                0x08002a9c       0x28 ./Drivers/STM32G0xx_HAL_Driver/Src/stm32g0xx_ll_usb.o
                0x08002a9c                USB_DisableGlobalInt
 .text.USB_SetCurrentMode
                0x08002ac4       0x4a ./Drivers/STM32G0xx_HAL_Driver/Src/stm32g0xx_ll_usb.o
                0x08002ac4                USB_SetCurrentMode
 .text.USB_DevInit
                0x08002b0e       0x56 ./Drivers/STM32G0xx_HAL_Driver/Src/stm32g0xx_ll_usb.o
                0x08002b0e                USB_DevInit
 .text.USB_ActivateEndpoint
                0x08002b64      0x668 ./Drivers/STM32G0xx_HAL_Driver/Src/stm32g0xx_ll_usb.o
                0x08002b64                USB_ActivateEndpoint
 .text.USB_EPStartXfer
                0x080031cc     0x102c ./Drivers/STM32G0xx_HAL_Driver/Src/stm32g0xx_ll_usb.o
                0x080031cc                USB_EPStartXfer
 .text.USB_EPSetStall
                0x080041f8       0x84 ./Drivers/STM32G0xx_HAL_Driver/Src/stm32g0xx_ll_usb.o
                0x080041f8                USB_EPSetStall
 .text.USB_EPClearStall
                0x0800427c      0x124 ./Drivers/STM32G0xx_HAL_Driver/Src/stm32g0xx_ll_usb.o
                0x0800427c                USB_EPClearStall
 .text.USB_SetDevAddress
                0x080043a0       0x26 ./Drivers/STM32G0xx_HAL_Driver/Src/stm32g0xx_ll_usb.o
                0x080043a0                USB_SetDevAddress
 .text.USB_DevConnect
                0x080043c6       0x20 ./Drivers/STM32G0xx_HAL_Driver/Src/stm32g0xx_ll_usb.o
                0x080043c6                USB_DevConnect
 *fill*         0x080043e6        0x2 
 .text.USB_DevDisconnect
                0x080043e8       0x24 ./Drivers/STM32G0xx_HAL_Driver/Src/stm32g0xx_ll_usb.o
                0x080043e8                USB_DevDisconnect
 .text.USB_ReadInterrupts
                0x0800440c       0x18 ./Drivers/STM32G0xx_HAL_Driver/Src/stm32g0xx_ll_usb.o
                0x0800440c                USB_ReadInterrupts
 .text.USB_WritePMA
                0x08004424       0xec ./Drivers/STM32G0xx_HAL_Driver/Src/stm32g0xx_ll_usb.o
                0x08004424                USB_WritePMA
 .text.USB_ReadPMA
                0x08004510      0x120 ./Drivers/STM32G0xx_HAL_Driver/Src/stm32g0xx_ll_usb.o
                0x08004510                USB_ReadPMA
 .text.LL_SetSystemCoreClock
                0x08004630       0x1c ./Drivers/STM32G0xx_HAL_Driver/Src/stm32g0xx_ll_utils.o
                0x08004630                LL_SetSystemCoreClock
 .text.__NVIC_SystemReset
                0x0800464c       0x24 ./Middlewares/ST/STM32_USB_Device_Library/Class/DFU/Src/usbd_dfu.o
 .text.USBD_DFU_Init
                0x08004670      0x11c ./Middlewares/ST/STM32_USB_Device_Library/Class/DFU/Src/usbd_dfu.o
 .text.USBD_DFU_DeInit
                0x0800478c       0xc4 ./Middlewares/ST/STM32_USB_Device_Library/Class/DFU/Src/usbd_dfu.o
 .text.USBD_DFU_Setup
                0x08004850      0x244 ./Middlewares/ST/STM32_USB_Device_Library/Class/DFU/Src/usbd_dfu.o
 .text.USBD_DFU_GetCfgDesc
                0x08004a94       0x1c ./Middlewares/ST/STM32_USB_Device_Library/Class/DFU/Src/usbd_dfu.o
 .text.USBD_DFU_EP0_RxReady
                0x08004ab0       0x12 ./Middlewares/ST/STM32_USB_Device_Library/Class/DFU/Src/usbd_dfu.o
 *fill*         0x08004ac2        0x2 
 .text.USBD_DFU_EP0_TxReady
                0x08004ac4      0x22c ./Middlewares/ST/STM32_USB_Device_Library/Class/DFU/Src/usbd_dfu.o
 .text.USBD_DFU_SOF
                0x08004cf0       0x12 ./Middlewares/ST/STM32_USB_Device_Library/Class/DFU/Src/usbd_dfu.o
 *fill*         0x08004d02        0x2 
 .text.USBD_DFU_GetDeviceQualifierDesc
                0x08004d04       0x1c ./Middlewares/ST/STM32_USB_Device_Library/Class/DFU/Src/usbd_dfu.o
 .text.USBD_DFU_GetUsrStringDesc
                0x08004d20       0x54 ./Middlewares/ST/STM32_USB_Device_Library/Class/DFU/Src/usbd_dfu.o
 .text.USBD_DFU_RegisterMedia
                0x08004d74       0x34 ./Middlewares/ST/STM32_USB_Device_Library/Class/DFU/Src/usbd_dfu.o
                0x08004d74                USBD_DFU_RegisterMedia
 .text.DFU_Detach
                0x08004da8      0x114 ./Middlewares/ST/STM32_USB_Device_Library/Class/DFU/Src/usbd_dfu.o
 .text.DFU_Download
                0x08004ebc      0x12c ./Middlewares/ST/STM32_USB_Device_Library/Class/DFU/Src/usbd_dfu.o
 .text.DFU_Upload
                0x08004fe8      0x21c ./Middlewares/ST/STM32_USB_Device_Library/Class/DFU/Src/usbd_dfu.o
 .text.DFU_GetStatus
                0x08005204      0x1e0 ./Middlewares/ST/STM32_USB_Device_Library/Class/DFU/Src/usbd_dfu.o
 .text.DFU_ClearStatus
                0x080053e4       0xd0 ./Middlewares/ST/STM32_USB_Device_Library/Class/DFU/Src/usbd_dfu.o
 .text.DFU_GetState
                0x080054b4       0x3c ./Middlewares/ST/STM32_USB_Device_Library/Class/DFU/Src/usbd_dfu.o
 .text.DFU_Abort
                0x080054f0       0xd4 ./Middlewares/ST/STM32_USB_Device_Library/Class/DFU/Src/usbd_dfu.o
 .text.DFU_Leave
                0x080055c4       0xd8 ./Middlewares/ST/STM32_USB_Device_Library/Class/DFU/Src/usbd_dfu.o
 .text.USBD_DFU_GetDfuFuncDesc
                0x0800569c       0x76 ./Middlewares/ST/STM32_USB_Device_Library/Class/DFU/Src/usbd_dfu.o
 .text.USBD_Init
                0x08005712       0x74 ./Middlewares/ST/STM32_USB_Device_Library/Core/Src/usbd_core.o
                0x08005712                USBD_Init
 .text.USBD_RegisterClass
                0x08005786       0x7c ./Middlewares/ST/STM32_USB_Device_Library/Core/Src/usbd_core.o
                0x08005786                USBD_RegisterClass
 .text.USBD_Start
                0x08005802       0x1a ./Middlewares/ST/STM32_USB_Device_Library/Core/Src/usbd_core.o
                0x08005802                USBD_Start
 .text.USBD_Stop
                0x0800581c       0x3c ./Middlewares/ST/STM32_USB_Device_Library/Core/Src/usbd_core.o
                0x0800581c                USBD_Stop
 .text.USBD_RunTestMode
                0x08005858       0x12 ./Middlewares/ST/STM32_USB_Device_Library/Core/Src/usbd_core.o
                0x08005858                USBD_RunTestMode
 .text.USBD_SetClassConfig
                0x0800586a       0x4a ./Middlewares/ST/STM32_USB_Device_Library/Core/Src/usbd_core.o
                0x0800586a                USBD_SetClassConfig
 .text.USBD_ClrClassConfig
                0x080058b4       0x42 ./Middlewares/ST/STM32_USB_Device_Library/Core/Src/usbd_core.o
                0x080058b4                USBD_ClrClassConfig
 *fill*         0x080058f6        0x2 
 .text.USBD_LL_SetupStage
                0x080058f8       0xd4 ./Middlewares/ST/STM32_USB_Device_Library/Core/Src/usbd_core.o
                0x080058f8                USBD_LL_SetupStage
 .text.USBD_LL_DataOutStage
                0x080059cc      0x1d0 ./Middlewares/ST/STM32_USB_Device_Library/Core/Src/usbd_core.o
                0x080059cc                USBD_LL_DataOutStage
 .text.USBD_LL_DataInStage
                0x08005b9c      0x1b0 ./Middlewares/ST/STM32_USB_Device_Library/Core/Src/usbd_core.o
                0x08005b9c                USBD_LL_DataInStage
 .text.USBD_LL_Reset
                0x08005d4c       0xbe ./Middlewares/ST/STM32_USB_Device_Library/Core/Src/usbd_core.o
                0x08005d4c                USBD_LL_Reset
 .text.USBD_LL_SetSpeed
                0x08005e0a       0x20 ./Middlewares/ST/STM32_USB_Device_Library/Core/Src/usbd_core.o
                0x08005e0a                USBD_LL_SetSpeed
 *fill*         0x08005e2a        0x2 
 .text.USBD_LL_Suspend
                0x08005e2c       0x30 ./Middlewares/ST/STM32_USB_Device_Library/Core/Src/usbd_core.o
                0x08005e2c                USBD_LL_Suspend
 .text.USBD_LL_Resume
                0x08005e5c       0x34 ./Middlewares/ST/STM32_USB_Device_Library/Core/Src/usbd_core.o
                0x08005e5c                USBD_LL_Resume
 .text.USBD_LL_SOF
                0x08005e90       0x4a ./Middlewares/ST/STM32_USB_Device_Library/Core/Src/usbd_core.o
                0x08005e90                USBD_LL_SOF
 .text.USBD_CoreFindIF
                0x08005eda       0x18 ./Middlewares/ST/STM32_USB_Device_Library/Core/Src/usbd_core.o
                0x08005eda                USBD_CoreFindIF
 .text.USBD_CoreFindEP
                0x08005ef2       0x18 ./Middlewares/ST/STM32_USB_Device_Library/Core/Src/usbd_core.o
                0x08005ef2                USBD_CoreFindEP
 .text.USBD_GetNextDesc
                0x08005f0a       0x34 ./Middlewares/ST/STM32_USB_Device_Library/Core/Src/usbd_core.o
                0x08005f0a                USBD_GetNextDesc
 .text.SWAPBYTE
                0x08005f3e       0x4c ./Middlewares/ST/STM32_USB_Device_Library/Core/Src/usbd_ctlreq.o
 *fill*         0x08005f8a        0x2 
 .text.USBD_StdDevReq
                0x08005f8c       0xfc ./Middlewares/ST/STM32_USB_Device_Library/Core/Src/usbd_ctlreq.o
                0x08005f8c                USBD_StdDevReq
 .text.USBD_StdItfReq
                0x08006088      0x11a ./Middlewares/ST/STM32_USB_Device_Library/Core/Src/usbd_ctlreq.o
                0x08006088                USBD_StdItfReq
 .text.USBD_StdEPReq
                0x080061a2      0x40a ./Middlewares/ST/STM32_USB_Device_Library/Core/Src/usbd_ctlreq.o
                0x080061a2                USBD_StdEPReq
 .text.USBD_GetDescriptor
                0x080065ac      0x400 ./Middlewares/ST/STM32_USB_Device_Library/Core/Src/usbd_ctlreq.o
 .text.USBD_SetAddress
                0x080069ac       0xac ./Middlewares/ST/STM32_USB_Device_Library/Core/Src/usbd_ctlreq.o
 .text.USBD_SetConfig
                0x08006a58      0x19c ./Middlewares/ST/STM32_USB_Device_Library/Core/Src/usbd_ctlreq.o
 .text.USBD_GetConfig
                0x08006bf4       0x78 ./Middlewares/ST/STM32_USB_Device_Library/Core/Src/usbd_ctlreq.o
 .text.USBD_GetStatus
                0x08006c6c       0x76 ./Middlewares/ST/STM32_USB_Device_Library/Core/Src/usbd_ctlreq.o
 .text.USBD_SetFeature
                0x08006ce2       0x5e ./Middlewares/ST/STM32_USB_Device_Library/Core/Src/usbd_ctlreq.o
 .text.USBD_ClrFeature
                0x08006d40       0x4e ./Middlewares/ST/STM32_USB_Device_Library/Core/Src/usbd_ctlreq.o
 .text.USBD_ParseSetupRequest
                0x08006d8e       0x7a ./Middlewares/ST/STM32_USB_Device_Library/Core/Src/usbd_ctlreq.o
                0x08006d8e                USBD_ParseSetupRequest
 .text.USBD_CtlError
                0x08006e08       0x26 ./Middlewares/ST/STM32_USB_Device_Library/Core/Src/usbd_ctlreq.o
                0x08006e08                USBD_CtlError
 .text.USBD_GetString
                0x08006e2e       0xac ./Middlewares/ST/STM32_USB_Device_Library/Core/Src/usbd_ctlreq.o
                0x08006e2e                USBD_GetString
 .text.USBD_GetLen
                0x08006eda       0x3e ./Middlewares/ST/STM32_USB_Device_Library/Core/Src/usbd_ctlreq.o
 .text.USBD_CtlSendData
                0x08006f18       0x38 ./Middlewares/ST/STM32_USB_Device_Library/Core/Src/usbd_ioreq.o
                0x08006f18                USBD_CtlSendData
 .text.USBD_CtlContinueSendData
                0x08006f50       0x22 ./Middlewares/ST/STM32_USB_Device_Library/Core/Src/usbd_ioreq.o
                0x08006f50                USBD_CtlContinueSendData
 .text.USBD_CtlPrepareRx
                0x08006f72       0x40 ./Middlewares/ST/STM32_USB_Device_Library/Core/Src/usbd_ioreq.o
                0x08006f72                USBD_CtlPrepareRx
 .text.USBD_CtlContinueRx
                0x08006fb2       0x22 ./Middlewares/ST/STM32_USB_Device_Library/Core/Src/usbd_ioreq.o
                0x08006fb2                USBD_CtlContinueRx
 .text.USBD_CtlSendStatus
                0x08006fd4       0x28 ./Middlewares/ST/STM32_USB_Device_Library/Core/Src/usbd_ioreq.o
                0x08006fd4                USBD_CtlSendStatus
 .text.USBD_CtlReceiveStatus
                0x08006ffc       0x28 ./Middlewares/ST/STM32_USB_Device_Library/Core/Src/usbd_ioreq.o
                0x08006ffc                USBD_CtlReceiveStatus
 .text.MX_USB_Device_Init
                0x08007024       0x68 ./USB_Device/App/usb_device.o
                0x08007024                MX_USB_Device_Init
 .text.USBD_DFU_DeviceDescriptor
                0x0800708c       0x24 ./USB_Device/App/usbd_desc.o
                0x0800708c                USBD_DFU_DeviceDescriptor
 .text.USBD_DFU_LangIDStrDescriptor
                0x080070b0       0x24 ./USB_Device/App/usbd_desc.o
                0x080070b0                USBD_DFU_LangIDStrDescriptor
 .text.USBD_DFU_ProductStrDescriptor
                0x080070d4       0x44 ./USB_Device/App/usbd_desc.o
                0x080070d4                USBD_DFU_ProductStrDescriptor
 .text.USBD_DFU_ManufacturerStrDescriptor
                0x08007118       0x2c ./USB_Device/App/usbd_desc.o
                0x08007118                USBD_DFU_ManufacturerStrDescriptor
 .text.USBD_DFU_SerialStrDescriptor
                0x08007144       0x28 ./USB_Device/App/usbd_desc.o
                0x08007144                USBD_DFU_SerialStrDescriptor
 .text.USBD_DFU_ConfigStrDescriptor
                0x0800716c       0x44 ./USB_Device/App/usbd_desc.o
                0x0800716c                USBD_DFU_ConfigStrDescriptor
 .text.USBD_DFU_InterfaceStrDescriptor
                0x080071b0       0x44 ./USB_Device/App/usbd_desc.o
                0x080071b0                USBD_DFU_InterfaceStrDescriptor
 .text.Get_SerialNum
                0x080071f4       0x5c ./USB_Device/App/usbd_desc.o
 .text.IntToUnicode
                0x08007250       0x96 ./USB_Device/App/usbd_desc.o
 .text.FLASH_If_Init
                0x080072e6       0x10 ./USB_Device/App/usbd_dfu_flash.o
 .text.FLASH_If_DeInit
                0x080072f6       0x10 ./USB_Device/App/usbd_dfu_flash.o
 .text.FLASH_If_Erase
                0x08007306       0x58 ./USB_Device/App/usbd_dfu_flash.o
 *fill*         0x0800735e        0x2 
 .text.FLASH_If_Write
                0x08007360       0xb0 ./USB_Device/App/usbd_dfu_flash.o
 .text.FLASH_If_Read
                0x08007410       0x3a ./USB_Device/App/usbd_dfu_flash.o
 .text.FLASH_If_GetStatus
                0x0800744a       0x58 ./USB_Device/App/usbd_dfu_flash.o
 *fill*         0x080074a2        0x2 
 .text.LL_RCC_SetUSBClockSource
                0x080074a4       0x2c ./USB_Device/Target/usbd_conf.o
 .text.HAL_PCD_MspInit
                0x080074d0       0x98 ./USB_Device/Target/usbd_conf.o
                0x080074d0                HAL_PCD_MspInit
 .text.HAL_PCD_SetupStageCallback
                0x08007568       0x2a ./USB_Device/Target/usbd_conf.o
                0x08007568                HAL_PCD_SetupStageCallback
 .text.HAL_PCD_DataOutStageCallback
                0x08007592       0x42 ./USB_Device/Target/usbd_conf.o
                0x08007592                HAL_PCD_DataOutStageCallback
 .text.HAL_PCD_DataInStageCallback
                0x080075d4       0x3c ./USB_Device/Target/usbd_conf.o
                0x080075d4                HAL_PCD_DataInStageCallback
 .text.HAL_PCD_SOFCallback
                0x08007610       0x1e ./USB_Device/Target/usbd_conf.o
                0x08007610                HAL_PCD_SOFCallback
 .text.HAL_PCD_ResetCallback
                0x0800762e       0x48 ./USB_Device/Target/usbd_conf.o
                0x0800762e                HAL_PCD_ResetCallback
 *fill*         0x08007676        0x2 
 .text.HAL_PCD_SuspendCallback
                0x08007678       0x38 ./USB_Device/Target/usbd_conf.o
                0x08007678                HAL_PCD_SuspendCallback
 .text.HAL_PCD_ResumeCallback
                0x080076b0       0x3c ./USB_Device/Target/usbd_conf.o
                0x080076b0                HAL_PCD_ResumeCallback
 .text.USBD_LL_Init
                0x080076ec       0xac ./USB_Device/Target/usbd_conf.o
                0x080076ec                USBD_LL_Init
 .text.USBD_LL_Start
                0x08007798       0x4a ./USB_Device/Target/usbd_conf.o
                0x08007798                USBD_LL_Start
 .text.USBD_LL_Stop
                0x080077e2       0x4a ./USB_Device/Target/usbd_conf.o
                0x080077e2                USBD_LL_Stop
 .text.USBD_LL_OpenEP
                0x0800782c       0x6e ./USB_Device/Target/usbd_conf.o
                0x0800782c                USBD_LL_OpenEP
 .text.USBD_LL_StallEP
                0x0800789a       0x56 ./USB_Device/Target/usbd_conf.o
                0x0800789a                USBD_LL_StallEP
 .text.USBD_LL_ClearStallEP
                0x080078f0       0x56 ./USB_Device/Target/usbd_conf.o
                0x080078f0                USBD_LL_ClearStallEP
 .text.USBD_LL_IsStallEP
                0x08007946       0x60 ./USB_Device/Target/usbd_conf.o
                0x08007946                USBD_LL_IsStallEP
 .text.USBD_LL_SetUSBAddress
                0x080079a6       0x56 ./USB_Device/Target/usbd_conf.o
                0x080079a6                USBD_LL_SetUSBAddress
 .text.USBD_LL_Transmit
                0x080079fc       0x60 ./USB_Device/Target/usbd_conf.o
                0x080079fc                USBD_LL_Transmit
 .text.USBD_LL_PrepareReceive
                0x08007a5c       0x60 ./USB_Device/Target/usbd_conf.o
                0x08007a5c                USBD_LL_PrepareReceive
 .text.HAL_PCDEx_LPM_Callback
                0x08007abc       0x74 ./USB_Device/Target/usbd_conf.o
                0x08007abc                HAL_PCDEx_LPM_Callback
 .text.USBD_static_malloc
                0x08007b30       0x18 ./USB_Device/Target/usbd_conf.o
                0x08007b30                USBD_static_malloc
 .text.USBD_static_free
                0x08007b48       0x10 ./USB_Device/Target/usbd_conf.o
                0x08007b48                USBD_static_free
 .text.SystemClockConfig_Resume
                0x08007b58        0xe ./USB_Device/Target/usbd_conf.o
 .text.USBD_Get_USB_Status
                0x08007b66       0x6e ./USB_Device/Target/usbd_conf.o
 .text.memset   0x08007bd4       0x10 /Applications/STM32CubeIDE.app/Contents/Eclipse/plugins/com.st.stm32cube.ide.mcu.externaltools.gnu-tools-for-stm32.14.3.rel1.macos64_1.0.100.202602081740/tools/bin/../lib/gcc/arm-none-eabi/14.3.1/../../../../arm-none-eabi/lib/thumb/v6-m/nofp/libc_nano.a(libc_a-memset.o)
                0x08007bd4                memset
 .text.__libc_init_array
                0x08007be4       0x48 /Applications/STM32CubeIDE.app/Contents/Eclipse/plugins/com.st.stm32cube.ide.mcu.externaltools.gnu-tools-for-stm32.14.3.rel1.macos64_1.0.100.202602081740/tools/bin/../lib/gcc/arm-none-eabi/14.3.1/../../../../arm-none-eabi/lib/thumb/v6-m/nofp/libc_nano.a(libc_a-init.o)
                0x08007be4                __libc_init_array
 *(.glue_7)
 .glue_7        0x08007c2c        0x0 linker stubs
 *(.glue_7t)
 .glue_7t       0x08007c2c        0x0 linker stubs
 *(.eh_frame)
 .eh_frame      0x08007c2c        0x0 /Applications/STM32CubeIDE.app/Contents/Eclipse/plugins/com.st.stm32cube.ide.mcu.externaltools.gnu-tools-for-stm32.14.3.rel1.macos64_1.0.100.202602081740/tools/bin/../lib/gcc/arm-none-eabi/14.3.1/thumb/v6-m/nofp/crtbegin.o
 *(.init)
 .init          0x08007c2c        0x4 /Applications/STM32CubeIDE.app/Contents/Eclipse/plugins/com.st.stm32cube.ide.mcu.externaltools.gnu-tools-for-stm32.14.3.rel1.macos64_1.0.100.202602081740/tools/bin/../lib/gcc/arm-none-eabi/14.3.1/thumb/v6-m/nofp/crti.o
                0x08007c2c                _init
 .init          0x08007c30        0x8 /Applications/STM32CubeIDE.app/Contents/Eclipse/plugins/com.st.stm32cube.ide.mcu.externaltools.gnu-tools-for-stm32.14.3.rel1.macos64_1.0.100.202602081740/tools/bin/../lib/gcc/arm-none-eabi/14.3.1/thumb/v6-m/nofp/crtn.o
 *(.fini)
 .fini          0x08007c38        0x4 /Applications/STM32CubeIDE.app/Contents/Eclipse/plugins/com.st.stm32cube.ide.mcu.externaltools.gnu-tools-for-stm32.14.3.rel1.macos64_1.0.100.202602081740/tools/bin/../lib/gcc/arm-none-eabi/14.3.1/thumb/v6-m/nofp/crti.o
                0x08007c38                _fini
 .fini          0x08007c3c        0x8 /Applications/STM32CubeIDE.app/Contents/Eclipse/plugins/com.st.stm32cube.ide.mcu.externaltools.gnu-tools-for-stm32.14.3.rel1.macos64_1.0.100.202602081740/tools/bin/../lib/gcc/arm-none-eabi/14.3.1/thumb/v6-m/nofp/crtn.o
 *fill*         0x08007c44        0x4 
 .fini.__stub   0x08007c48       0x10 linker stubs
                0x08007c58                        . = ALIGN (0x4)
                0x08007c58                        _etext = .

.vfp11_veneer   0x08007c58        0x0
 .vfp11_veneer  0x08007c58        0x0 linker stubs

.v4_bx          0x08007c58        0x0
 .v4_bx         0x08007c58        0x0 linker stubs

.iplt           0x08007c58        0x0
 .iplt          0x08007c58        0x0 /Applications/STM32CubeIDE.app/Contents/Eclipse/plugins/com.st.stm32cube.ide.mcu.externaltools.gnu-tools-for-stm32.14.3.rel1.macos64_1.0.100.202602081740/tools/bin/../lib/gcc/arm-none-eabi/14.3.1/thumb/v6-m/nofp/crtbegin.o

.rodata         0x08007c58      0x14c
                0x08007c58                        . = ALIGN (0x4)
 *(.rodata)
 .rodata        0x08007c58       0x4e ./USB_Device/App/usbd_desc.o
 *fill*         0x08007ca6        0x2 
 .rodata        0x08007ca8       0x30 ./USB_Device/App/usbd_dfu_flash.o
 *(.rodata*)
 .rodata.USBD_DFU_Setup
                0x08007cd8       0x4c ./Middlewares/ST/STM32_USB_Device_Library/Class/DFU/Src/usbd_dfu.o
 .rodata.USBD_StdDevReq
                0x08007d24       0x28 ./Middlewares/ST/STM32_USB_Device_Library/Core/Src/usbd_ctlreq.o
 .rodata.USBD_GetDescriptor
                0x08007d4c       0x58 ./Middlewares/ST/STM32_USB_Device_Library/Core/Src/usbd_ctlreq.o
                0x08007da4                        . = ALIGN (0x4)

.ARM.extab      0x08007da4        0x0
                0x08007da4                        . = ALIGN (0x4)
 *(.ARM.extab* .gnu.linkonce.armextab.*)
                0x08007da4                        . = ALIGN (0x4)

.ARM            0x08007da4        0x0
                0x08007da4                        . = ALIGN (0x4)
                0x08007da4                        __exidx_start = .
 *(.ARM.exidx*)
                0x08007da4                        __exidx_end = .
                0x08007da4                        . = ALIGN (0x4)

.preinit_array  0x08007da4        0x0
                0x08007da4                        . = ALIGN (0x4)
                0x08007da4                        PROVIDE (__preinit_array_start = .)
 *(.preinit_array*)
                0x08007da4                        PROVIDE (__preinit_array_end = .)
                0x08007da4                        . = ALIGN (0x4)

.init_array     0x08007da4        0x4
                0x08007da4                        . = ALIGN (0x4)
                0x08007da4                        PROVIDE (__init_array_start = .)
 *(SORT_BY_NAME(.init_array.*))
 *(.init_array*)
 .init_array    0x08007da4        0x4 /Applications/STM32CubeIDE.app/Contents/Eclipse/plugins/com.st.stm32cube.ide.mcu.externaltools.gnu-tools-for-stm32.14.3.rel1.macos64_1.0.100.202602081740/tools/bin/../lib/gcc/arm-none-eabi/14.3.1/thumb/v6-m/nofp/crtbegin.o
                0x08007da8                        PROVIDE (__init_array_end = .)
                0x08007da8                        . = ALIGN (0x4)

.fini_array     0x08007da8        0x4
                0x08007da8                        . = ALIGN (0x4)
                [!provide]                        PROVIDE (__fini_array_start = .)
 *(SORT_BY_NAME(.fini_array.*))
 *(.fini_array*)
 .fini_array    0x08007da8        0x4 /Applications/STM32CubeIDE.app/Contents/Eclipse/plugins/com.st.stm32cube.ide.mcu.externaltools.gnu-tools-for-stm32.14.3.rel1.macos64_1.0.100.202602081740/tools/bin/../lib/gcc/arm-none-eabi/14.3.1/thumb/v6-m/nofp/crtbegin.o
                [!provide]                        PROVIDE (__fini_array_end = .)
                0x08007dac                        . = ALIGN (0x4)
                0x08007dac                        _sidata = LOADADDR (.data)

.rel.dyn        0x08007dac        0x0
 .rel.iplt      0x08007dac        0x0 /Applications/STM32CubeIDE.app/Contents/Eclipse/plugins/com.st.stm32cube.ide.mcu.externaltools.gnu-tools-for-stm32.14.3.rel1.macos64_1.0.100.202602081740/tools/bin/../lib/gcc/arm-none-eabi/14.3.1/thumb/v6-m/nofp/crtbegin.o

.data           0x20000000      0x168 load address 0x08007dac
                0x20000000                        . = ALIGN (0x4)
                0x20000000                        _sdata = .
 *(.data)
 *(.data*)
 .data.SystemCoreClock
                0x20000000        0x4 ./Core/Src/system_stm32g0xx.o
                0x20000000                SystemCoreClock
 .data.uwTickPrio
                0x20000004        0x4 ./Drivers/STM32G0xx_HAL_Driver/Src/stm32g0xx_hal.o
                0x20000004                uwTickPrio
 .data.uwTickFreq
                0x20000008        0x1 ./Drivers/STM32G0xx_HAL_Driver/Src/stm32g0xx_hal.o
                0x20000008                uwTickFreq
 *fill*         0x20000009        0x3 
 .data.USBD_DFU
                0x2000000c       0x3c ./Middlewares/ST/STM32_USB_Device_Library/Class/DFU/Src/usbd_dfu.o
                0x2000000c                USBD_DFU
 .data.USBD_DFU_CfgDesc
                0x20000048       0x1b ./Middlewares/ST/STM32_USB_Device_Library/Class/DFU/Src/usbd_dfu.o
 *fill*         0x20000063        0x1 
 .data.USBD_DFU_DeviceQualifierDesc
                0x20000064        0xa ./Middlewares/ST/STM32_USB_Device_Library/Class/DFU/Src/usbd_dfu.o
 *fill*         0x2000006e        0x2 
 .data.DFU_Desc
                0x20000070       0x20 ./USB_Device/App/usbd_desc.o
                0x20000070                DFU_Desc
 .data.USBD_DFU_DeviceDesc
                0x20000090       0x12 ./USB_Device/App/usbd_desc.o
                0x20000090                USBD_DFU_DeviceDesc
 *fill*         0x200000a2        0x2 
 .data.USBD_LangIDDesc
                0x200000a4        0x4 ./USB_Device/App/usbd_desc.o
                0x200000a4                USBD_LangIDDesc
 .data.USBD_StringSerial
                0x200000a8       0x1a ./USB_Device/App/usbd_desc.o
                0x200000a8                USBD_StringSerial
 *fill*         0x200000c2        0x2 
 .data.USBD_DFU_Flash_fops
                0x200000c4       0x1c ./USB_Device/App/usbd_dfu_flash.o
                0x200000c4                USBD_DFU_Flash_fops
 *(.RamFunc)
 .RamFunc       0x200000e0       0x88 ./Drivers/STM32G0xx_HAL_Driver/Src/stm32g0xx_hal_flash.o
 *(.RamFunc*)
                0x20000168                        . = ALIGN (0x4)
                0x20000168                        _edata = .

.igot.plt       0x20000168        0x0 load address 0x08007f14
 .igot.plt      0x20000168        0x0 /Applications/STM32CubeIDE.app/Contents/Eclipse/plugins/com.st.stm32cube.ide.mcu.externaltools.gnu-tools-for-stm32.14.3.rel1.macos64_1.0.100.202602081740/tools/bin/../lib/gcc/arm-none-eabi/14.3.1/thumb/v6-m/nofp/crtbegin.o
                0x20000168                        . = ALIGN (0x4)

.bss            0x20000168      0xd20 load address 0x08007f14
                0x20000168                        _sbss = .
                0x20000168                        __bss_start__ = _sbss
 *(.bss)
 .bss           0x20000168       0x1c /Applications/STM32CubeIDE.app/Contents/Eclipse/plugins/com.st.stm32cube.ide.mcu.externaltools.gnu-tools-for-stm32.14.3.rel1.macos64_1.0.100.202602081740/tools/bin/../lib/gcc/arm-none-eabi/14.3.1/thumb/v6-m/nofp/crtbegin.o
 *(.bss*)
 .bss.JumpToApplication
                0x20000184        0x4 ./Core/Src/main.o
                0x20000184                JumpToApplication
 .bss.JumpAddress
                0x20000188        0x4 ./Core/Src/main.o
                0x20000188                JumpAddress
 .bss.uwTick    0x2000018c        0x4 ./Drivers/STM32G0xx_HAL_Driver/Src/stm32g0xx_hal.o
                0x2000018c                uwTick
 .bss.pFlash    0x20000190       0x1c ./Drivers/STM32G0xx_HAL_Driver/Src/stm32g0xx_hal_flash.o
                0x20000190                pFlash
 .bss.USBD_StrDesc.0
                0x200001ac       0xff ./Middlewares/ST/STM32_USB_Device_Library/Class/DFU/Src/usbd_dfu.o
 .bss.cfgidx.0  0x200002ab        0x1 ./Middlewares/ST/STM32_USB_Device_Library/Core/Src/usbd_ctlreq.o
 .bss.hUsbDeviceFS
                0x200002ac      0x2dc ./USB_Device/App/usb_device.o
                0x200002ac                hUsbDeviceFS
 .bss.USBD_StrDesc
                0x20000588      0x200 ./USB_Device/App/usbd_desc.o
                0x20000588                USBD_StrDesc
 .bss.hpcd_USB_DRD_FS
                0x20000788      0x2e0 ./USB_Device/Target/usbd_conf.o
                0x20000788                hpcd_USB_DRD_FS
 .bss.mem.0     0x20000a68      0x420 ./USB_Device/Target/usbd_conf.o
 *(COMMON)
                0x20000e88                        . = ALIGN (0x4)
                0x20000e88                        _ebss = .
                0x20000e88                        __bss_end__ = _ebss

._user_heap_stack
                0x20000e88      0x600 load address 0x08007f14
                0x20000e88                        . = ALIGN (0x8)
                [!provide]                        PROVIDE (end = .)
                0x20000e88                        PROVIDE (_end = .)
                0x20001088                        . = (. + _Min_Heap_Size)
 *fill*         0x20000e88      0x200 
                0x20001488                        . = (. + _Min_Stack_Size)
 *fill*         0x20001088      0x400 
                0x20001488                        . = ALIGN (0x8)

/DISCARD/
 libc.a(*)
 libm.a(*)
 libgcc.a(*)

.ARM.attributes
                0x00000000       0x28
 *(.ARM.attributes)
 .ARM.attributes
                0x00000000       0x1e /Applications/STM32CubeIDE.app/Contents/Eclipse/plugins/com.st.stm32cube.ide.mcu.externaltools.gnu-tools-for-stm32.14.3.rel1.macos64_1.0.100.202602081740/tools/bin/../lib/gcc/arm-none-eabi/14.3.1/thumb/v6-m/nofp/crti.o
 .ARM.attributes
                0x0000001e       0x2c /Applications/STM32CubeIDE.app/Contents/Eclipse/plugins/com.st.stm32cube.ide.mcu.externaltools.gnu-tools-for-stm32.14.3.rel1.macos64_1.0.100.202602081740/tools/bin/../lib/gcc/arm-none-eabi/14.3.1/thumb/v6-m/nofp/crtbegin.o
 .ARM.attributes
                0x0000004a       0x2c ./Core/Src/main.o
 .ARM.attributes
                0x00000076       0x2c ./Core/Src/stm32g0xx_hal_msp.o
 .ARM.attributes
                0x000000a2       0x2c ./Core/Src/stm32g0xx_it.o
 .ARM.attributes
                0x000000ce       0x2c ./Core/Src/system_stm32g0xx.o
 .ARM.attributes
                0x000000fa       0x22 ./Core/Startup/startup_stm32g0b1cbtx.o
 .ARM.attributes
                0x0000011c       0x2c ./Drivers/STM32G0xx_HAL_Driver/Src/stm32g0xx_hal.o
 .ARM.attributes
                0x00000148       0x2c ./Drivers/STM32G0xx_HAL_Driver/Src/stm32g0xx_hal_cortex.o
 .ARM.attributes
                0x00000174       0x2c ./Drivers/STM32G0xx_HAL_Driver/Src/stm32g0xx_hal_flash.o
 .ARM.attributes
                0x000001a0       0x2c ./Drivers/STM32G0xx_HAL_Driver/Src/stm32g0xx_hal_flash_ex.o
 .ARM.attributes
                0x000001cc       0x2c ./Drivers/STM32G0xx_HAL_Driver/Src/stm32g0xx_hal_gpio.o
 .ARM.attributes
                0x000001f8       0x2c ./Drivers/STM32G0xx_HAL_Driver/Src/stm32g0xx_hal_pcd.o
 .ARM.attributes
                0x00000224       0x2c ./Drivers/STM32G0xx_HAL_Driver/Src/stm32g0xx_hal_pcd_ex.o
 .ARM.attributes
                0x00000250       0x2c ./Drivers/STM32G0xx_HAL_Driver/Src/stm32g0xx_hal_pwr_ex.o
 .ARM.attributes
                0x0000027c       0x2c ./Drivers/STM32G0xx_HAL_Driver/Src/stm32g0xx_ll_usb.o
 .ARM.attributes
                0x000002a8       0x2c ./Drivers/STM32G0xx_HAL_Driver/Src/stm32g0xx_ll_utils.o
 .ARM.attributes
                0x000002d4       0x2c ./Middlewares/ST/STM32_USB_Device_Library/Class/DFU/Src/usbd_dfu.o
 .ARM.attributes
                0x00000300       0x2c ./Middlewares/ST/STM32_USB_Device_Library/Core/Src/usbd_core.o
 .ARM.attributes
                0x0000032c       0x2c ./Middlewares/ST/STM32_USB_Device_Library/Core/Src/usbd_ctlreq.o
 .ARM.attributes
                0x00000358       0x2c ./Middlewares/ST/STM32_USB_Device_Library/Core/Src/usbd_ioreq.o
 .ARM.attributes
                0x00000384       0x2c ./USB_Device/App/usb_device.o
 .ARM.attributes
                0x000003b0       0x2c ./USB_Device/App/usbd_desc.o
 .ARM.attributes
                0x000003dc       0x2c ./USB_Device/App/usbd_dfu_flash.o
 .ARM.attributes
                0x00000408       0x2c ./USB_Device/Target/usbd_conf.o
 .ARM.attributes
                0x00000434       0x2c /Applications/STM32CubeIDE.app/Contents/Eclipse/plugins/com.st.stm32cube.ide.mcu.externaltools.gnu-tools-for-stm32.14.3.rel1.macos64_1.0.100.202602081740/tools/bin/../lib/gcc/arm-none-eabi/14.3.1/../../../../arm-none-eabi/lib/thumb/v6-m/nofp/libc_nano.a(libc_a-memset.o)
 .ARM.attributes
                0x00000460       0x2c /Applications/STM32CubeIDE.app/Contents/Eclipse/plugins/com.st.stm32cube.ide.mcu.externaltools.gnu-tools-for-stm32.14.3.rel1.macos64_1.0.100.202602081740/tools/bin/../lib/gcc/arm-none-eabi/14.3.1/../../../../arm-none-eabi/lib/thumb/v6-m/nofp/libc_nano.a(libc_a-init.o)
 .ARM.attributes
                0x0000048c       0x1e /Applications/STM32CubeIDE.app/Contents/Eclipse/plugins/com.st.stm32cube.ide.mcu.externaltools.gnu-tools-for-stm32.14.3.rel1.macos64_1.0.100.202602081740/tools/bin/../lib/gcc/arm-none-eabi/14.3.1/thumb/v6-m/nofp/libgcc.a(_udivsi3.o)
 .ARM.attributes
                0x000004aa       0x1e /Applications/STM32CubeIDE.app/Contents/Eclipse/plugins/com.st.stm32cube.ide.mcu.externaltools.gnu-tools-for-stm32.14.3.rel1.macos64_1.0.100.202602081740/tools/bin/../lib/gcc/arm-none-eabi/14.3.1/thumb/v6-m/nofp/libgcc.a(_dvmd_tls.o)
 .ARM.attributes
                0x000004c8       0x1e /Applications/STM32CubeIDE.app/Contents/Eclipse/plugins/com.st.stm32cube.ide.mcu.externaltools.gnu-tools-for-stm32.14.3.rel1.macos64_1.0.100.202602081740/tools/bin/../lib/gcc/arm-none-eabi/14.3.1/thumb/v6-m/nofp/crtn.o
OUTPUT(BellaDFU.elf elf32-littlearm)
LOAD linker stubs
LOAD /Applications/STM32CubeIDE.app/Contents/Eclipse/plugins/com.st.stm32cube.ide.mcu.externaltools.gnu-tools-for-stm32.14.3.rel1.macos64_1.0.100.202602081740/tools/bin/../lib/gcc/arm-none-eabi/14.3.1/../../../../arm-none-eabi/lib/thumb/v6-m/nofp/libc.a
LOAD /Applications/STM32CubeIDE.app/Contents/Eclipse/plugins/com.st.stm32cube.ide.mcu.externaltools.gnu-tools-for-stm32.14.3.rel1.macos64_1.0.100.202602081740/tools/bin/../lib/gcc/arm-none-eabi/14.3.1/../../../../arm-none-eabi/lib/thumb/v6-m/nofp/libm.a
LOAD /Applications/STM32CubeIDE.app/Contents/Eclipse/plugins/com.st.stm32cube.ide.mcu.externaltools.gnu-tools-for-stm32.14.3.rel1.macos64_1.0.100.202602081740/tools/bin/../lib/gcc/arm-none-eabi/14.3.1/thumb/v6-m/nofp/libgcc.a

.debug_info     0x00000000     0xe23e
 .debug_info    0x00000000      0x63e ./Core/Src/main.o
 .debug_info    0x0000063e      0x278 ./Core/Src/stm32g0xx_hal_msp.o
 .debug_info    0x000008b6      0x5ca ./Core/Src/stm32g0xx_it.o
 .debug_info    0x00000e80      0x316 ./Core/Src/system_stm32g0xx.o
 .debug_info    0x00001196       0x30 ./Core/Startup/startup_stm32g0b1cbtx.o
 .debug_info    0x000011c6      0xafa ./Drivers/STM32G0xx_HAL_Driver/Src/stm32g0xx_hal.o
 .debug_info    0x00001cc0      0x8d9 ./Drivers/STM32G0xx_HAL_Driver/Src/stm32g0xx_hal_cortex.o
 .debug_info    0x00002599      0x6c2 ./Drivers/STM32G0xx_HAL_Driver/Src/stm32g0xx_hal_flash.o
 .debug_info    0x00002c5b      0xb21 ./Drivers/STM32G0xx_HAL_Driver/Src/stm32g0xx_hal_flash_ex.o
 .debug_info    0x0000377c      0x5d9 ./Drivers/STM32G0xx_HAL_Driver/Src/stm32g0xx_hal_gpio.o
 .debug_info    0x00003d55     0x1502 ./Drivers/STM32G0xx_HAL_Driver/Src/stm32g0xx_hal_pcd.o
 .debug_info    0x00005257      0x7e7 ./Drivers/STM32G0xx_HAL_Driver/Src/stm32g0xx_hal_pcd_ex.o
 .debug_info    0x00005a3e      0x8b5 ./Drivers/STM32G0xx_HAL_Driver/Src/stm32g0xx_hal_pwr_ex.o
 .debug_info    0x000062f3     0x1931 ./Drivers/STM32G0xx_HAL_Driver/Src/stm32g0xx_ll_usb.o
 .debug_info    0x00007c24      0x96e ./Drivers/STM32G0xx_HAL_Driver/Src/stm32g0xx_ll_utils.o
 .debug_info    0x00008592     0x10f1 ./Middlewares/ST/STM32_USB_Device_Library/Class/DFU/Src/usbd_dfu.o
 .debug_info    0x00009683      0xe69 ./Middlewares/ST/STM32_USB_Device_Library/Core/Src/usbd_core.o
 .debug_info    0x0000a4ec      0xb57 ./Middlewares/ST/STM32_USB_Device_Library/Core/Src/usbd_ctlreq.o
 .debug_info    0x0000b043      0x7b9 ./Middlewares/ST/STM32_USB_Device_Library/Core/Src/usbd_ioreq.o
 .debug_info    0x0000b7fc      0x78b ./USB_Device/App/usb_device.o
 .debug_info    0x0000bf87      0x489 ./USB_Device/App/usbd_desc.o
 .debug_info    0x0000c410      0x4cb ./USB_Device/App/usbd_dfu_flash.o
 .debug_info    0x0000c8db     0x1963 ./USB_Device/Target/usbd_conf.o

.debug_abbrev   0x00000000     0x32e9
 .debug_abbrev  0x00000000      0x2c5 ./Core/Src/main.o
 .debug_abbrev  0x000002c5       0xf9 ./Core/Src/stm32g0xx_hal_msp.o
 .debug_abbrev  0x000003be      0x1aa ./Core/Src/stm32g0xx_it.o
 .debug_abbrev  0x00000568      0x119 ./Core/Src/system_stm32g0xx.o
 .debug_abbrev  0x00000681       0x24 ./Core/Startup/startup_stm32g0b1cbtx.o
 .debug_abbrev  0x000006a5      0x27f ./Drivers/STM32G0xx_HAL_Driver/Src/stm32g0xx_hal.o
 .debug_abbrev  0x00000924      0x2ab ./Drivers/STM32G0xx_HAL_Driver/Src/stm32g0xx_hal_cortex.o
 .debug_abbrev  0x00000bcf      0x308 ./Drivers/STM32G0xx_HAL_Driver/Src/stm32g0xx_hal_flash.o
 .debug_abbrev  0x00000ed7      0x272 ./Drivers/STM32G0xx_HAL_Driver/Src/stm32g0xx_hal_flash_ex.o
 .debug_abbrev  0x00001149      0x1c8 ./Drivers/STM32G0xx_HAL_Driver/Src/stm32g0xx_hal_gpio.o
 .debug_abbrev  0x00001311      0x327 ./Drivers/STM32G0xx_HAL_Driver/Src/stm32g0xx_hal_pcd.o
 .debug_abbrev  0x00001638      0x22e ./Drivers/STM32G0xx_HAL_Driver/Src/stm32g0xx_hal_pcd_ex.o
 .debug_abbrev  0x00001866      0x23c ./Drivers/STM32G0xx_HAL_Driver/Src/stm32g0xx_hal_pwr_ex.o
 .debug_abbrev  0x00001aa2      0x2c1 ./Drivers/STM32G0xx_HAL_Driver/Src/stm32g0xx_ll_usb.o
 .debug_abbrev  0x00001d63      0x22b ./Drivers/STM32G0xx_HAL_Driver/Src/stm32g0xx_ll_utils.o
 .debug_abbrev  0x00001f8e      0x362 ./Middlewares/ST/STM32_USB_Device_Library/Class/DFU/Src/usbd_dfu.o
 .debug_abbrev  0x000022f0      0x294 ./Middlewares/ST/STM32_USB_Device_Library/Core/Src/usbd_core.o
 .debug_abbrev  0x00002584      0x27d ./Middlewares/ST/STM32_USB_Device_Library/Core/Src/usbd_ctlreq.o
 .debug_abbrev  0x00002801      0x1b2 ./Middlewares/ST/STM32_USB_Device_Library/Core/Src/usbd_ioreq.o
 .debug_abbrev  0x000029b3      0x1bc ./USB_Device/App/usb_device.o
 .debug_abbrev  0x00002b6f      0x228 ./USB_Device/App/usbd_desc.o
 .debug_abbrev  0x00002d97      0x1d5 ./USB_Device/App/usbd_dfu_flash.o
 .debug_abbrev  0x00002f6c      0x37d ./USB_Device/Target/usbd_conf.o

.debug_aranges  0x00000000      0xe68
 .debug_aranges
                0x00000000       0x78 ./Core/Src/main.o
 .debug_aranges
                0x00000078       0x20 ./Core/Src/stm32g0xx_hal_msp.o
 .debug_aranges
                0x00000098       0x48 ./Core/Src/stm32g0xx_it.o
 .debug_aranges
                0x000000e0       0x28 ./Core/Src/system_stm32g0xx.o
 .debug_aranges
                0x00000108       0x28 ./Core/Startup/startup_stm32g0b1cbtx.o
 .debug_aranges
                0x00000130      0x130 ./Drivers/STM32G0xx_HAL_Driver/Src/stm32g0xx_hal.o
 .debug_aranges
                0x00000260       0xe8 ./Drivers/STM32G0xx_HAL_Driver/Src/stm32g0xx_hal_cortex.o
 .debug_aranges
                0x00000348       0x88 ./Drivers/STM32G0xx_HAL_Driver/Src/stm32g0xx_hal_flash.o
 .debug_aranges
                0x000003d0       0xf0 ./Drivers/STM32G0xx_HAL_Driver/Src/stm32g0xx_hal_flash_ex.o
 .debug_aranges
                0x000004c0       0x60 ./Drivers/STM32G0xx_HAL_Driver/Src/stm32g0xx_hal_gpio.o
 .debug_aranges
                0x00000520      0x150 ./Drivers/STM32G0xx_HAL_Driver/Src/stm32g0xx_hal_pcd.o
 .debug_aranges
                0x00000670       0x58 ./Drivers/STM32G0xx_HAL_Driver/Src/stm32g0xx_hal_pcd_ex.o
 .debug_aranges
                0x000006c8      0x128 ./Drivers/STM32G0xx_HAL_Driver/Src/stm32g0xx_hal_pwr_ex.o
 .debug_aranges
                0x000007f0      0x130 ./Drivers/STM32G0xx_HAL_Driver/Src/stm32g0xx_ll_usb.o
 .debug_aranges
                0x00000920       0xe8 ./Drivers/STM32G0xx_HAL_Driver/Src/stm32g0xx_ll_utils.o
 .debug_aranges
                0x00000a08       0xb8 ./Middlewares/ST/STM32_USB_Device_Library/Class/DFU/Src/usbd_dfu.o
 .debug_aranges
                0x00000ac0       0xd8 ./Middlewares/ST/STM32_USB_Device_Library/Core/Src/usbd_core.o
 .debug_aranges
                0x00000b98       0x90 ./Middlewares/ST/STM32_USB_Device_Library/Core/Src/usbd_ctlreq.o
 .debug_aranges
                0x00000c28       0x50 ./Middlewares/ST/STM32_USB_Device_Library/Core/Src/usbd_ioreq.o
 .debug_aranges
                0x00000c78       0x20 ./USB_Device/App/usb_device.o
 .debug_aranges
                0x00000c98       0x60 ./USB_Device/App/usbd_desc.o
 .debug_aranges
                0x00000cf8       0x48 ./USB_Device/App/usbd_dfu_flash.o
 .debug_aranges
                0x00000d40      0x128 ./USB_Device/Target/usbd_conf.o

.debug_rnglists
                0x00000000      0xabd
 .debug_rnglists
                0x00000000       0x57 ./Core/Src/main.o
 .debug_rnglists
                0x00000057       0x13 ./Core/Src/stm32g0xx_hal_msp.o
 .debug_rnglists
                0x0000006a       0x31 ./Core/Src/stm32g0xx_it.o
 .debug_rnglists
                0x0000009b       0x1a ./Core/Src/system_stm32g0xx.o
 .debug_rnglists
                0x000000b5       0x19 ./Core/Startup/startup_stm32g0b1cbtx.o
 .debug_rnglists
                0x000000ce       0xe0 ./Drivers/STM32G0xx_HAL_Driver/Src/stm32g0xx_hal.o
 .debug_rnglists
                0x000001ae       0xaa ./Drivers/STM32G0xx_HAL_Driver/Src/stm32g0xx_hal_cortex.o
 .debug_rnglists
                0x00000258       0x66 ./Drivers/STM32G0xx_HAL_Driver/Src/stm32g0xx_hal_flash.o
 .debug_rnglists
                0x000002be       0xbc ./Drivers/STM32G0xx_HAL_Driver/Src/stm32g0xx_hal_flash_ex.o
 .debug_rnglists
                0x0000037a       0x45 ./Drivers/STM32G0xx_HAL_Driver/Src/stm32g0xx_hal_gpio.o
 .debug_rnglists
                0x000003bf      0x100 ./Drivers/STM32G0xx_HAL_Driver/Src/stm32g0xx_hal_pcd.o
 .debug_rnglists
                0x000004bf       0x3f ./Drivers/STM32G0xx_HAL_Driver/Src/stm32g0xx_hal_pcd_ex.o
 .debug_rnglists
                0x000004fe       0xe0 ./Drivers/STM32G0xx_HAL_Driver/Src/stm32g0xx_hal_pwr_ex.o
 .debug_rnglists
                0x000005de       0xeb ./Drivers/STM32G0xx_HAL_Driver/Src/stm32g0xx_ll_usb.o
 .debug_rnglists
                0x000006c9       0xad ./Drivers/STM32G0xx_HAL_Driver/Src/stm32g0xx_ll_utils.o
 .debug_rnglists
                0x00000776       0x90 ./Middlewares/ST/STM32_USB_Device_Library/Class/DFU/Src/usbd_dfu.o
 .debug_rnglists
                0x00000806       0xa2 ./Middlewares/ST/STM32_USB_Device_Library/Core/Src/usbd_core.o
 .debug_rnglists
                0x000008a8       0x7a ./Middlewares/ST/STM32_USB_Device_Library/Core/Src/usbd_ctlreq.o
 .debug_rnglists
                0x00000922       0x37 ./Middlewares/ST/STM32_USB_Device_Library/Core/Src/usbd_ioreq.o
 .debug_rnglists
                0x00000959       0x13 ./USB_Device/App/usb_device.o
 .debug_rnglists
                0x0000096c       0x44 ./USB_Device/App/usbd_desc.o
 .debug_rnglists
                0x000009b0       0x32 ./USB_Device/App/usbd_dfu_flash.o
 .debug_rnglists
                0x000009e2       0xdb ./USB_Device/Target/usbd_conf.o

.debug_macro    0x00000000    0x1e399
 .debug_macro   0x00000000      0x39e ./Core/Src/main.o
 .debug_macro   0x0000039e      0xab4 ./Core/Src/main.o
 .debug_macro   0x00000e52      0x124 ./Core/Src/main.o
 .debug_macro   0x00000f76       0x2e ./Core/Src/main.o
 .debug_macro   0x00000fa4       0x28 ./Core/Src/main.o
 .debug_macro   0x00000fcc       0x22 ./Core/Src/main.o
 .debug_macro   0x00000fee       0x8e ./Core/Src/main.o
 .debug_macro   0x0000107c       0x51 ./Core/Src/main.o
 .debug_macro   0x000010cd      0x103 ./Core/Src/main.o
 .debug_macro   0x000011d0       0x6a ./Core/Src/main.o
 .debug_macro   0x0000123a      0x1df ./Core/Src/main.o
 .debug_macro   0x00001419       0x1c ./Core/Src/main.o
 .debug_macro   0x00001435       0x22 ./Core/Src/main.o
 .debug_macro   0x00001457       0xd1 ./Core/Src/main.o
 .debug_macro   0x00001528      0x4da ./Core/Src/main.o
 .debug_macro   0x00001a02      0x11f ./Core/Src/main.o
 .debug_macro   0x00001b21     0xf3de ./Core/Src/main.o
 .debug_macro   0x00010eff       0x66 ./Core/Src/main.o
 .debug_macro   0x00010f65     0x350e ./Core/Src/main.o
 .debug_macro   0x00014473      0x190 ./Core/Src/main.o
 .debug_macro   0x00014603       0x5c ./Core/Src/main.o
 .debug_macro   0x0001465f      0x73a ./Core/Src/main.o
 .debug_macro   0x00014d99     0x1579 ./Core/Src/main.o
 .debug_macro   0x00016312      0x535 ./Core/Src/main.o
 .debug_macro   0x00016847      0x1cf ./Core/Src/main.o
 .debug_macro   0x00016a16      0x25b ./Core/Src/main.o
 .debug_macro   0x00016c71      0x4f5 ./Core/Src/main.o
 .debug_macro   0x00017166      0x287 ./Core/Src/main.o
 .debug_macro   0x000173ed      0x417 ./Core/Src/main.o
 .debug_macro   0x00017804      0x1b2 ./Core/Src/main.o
 .debug_macro   0x000179b6       0x43 ./Core/Src/main.o
 .debug_macro   0x000179f9      0x1f1 ./Core/Src/main.o
 .debug_macro   0x00017bea      0x1e4 ./Core/Src/main.o
 .debug_macro   0x00017dce      0x3fa ./Core/Src/main.o
 .debug_macro   0x000181c8       0x28 ./Core/Src/main.o
 .debug_macro   0x000181f0      0x123 ./Core/Src/main.o
 .debug_macro   0x00018313      0x224 ./Core/Src/main.o
 .debug_macro   0x00018537      0x169 ./Core/Src/main.o
 .debug_macro   0x000186a0      0x145 ./Core/Src/main.o
 .debug_macro   0x000187e5      0x30b ./Core/Src/main.o
 .debug_macro   0x00018af0      0x5df ./Core/Src/main.o
 .debug_macro   0x000190cf      0x171 ./Core/Src/main.o
 .debug_macro   0x00019240       0xd0 ./Core/Src/main.o
 .debug_macro   0x00019310      0x18e ./Core/Src/main.o
 .debug_macro   0x0001949e      0x1f0 ./Core/Src/main.o
 .debug_macro   0x0001968e      0x174 ./Core/Src/main.o
 .debug_macro   0x00019802       0x7d ./Core/Src/main.o
 .debug_macro   0x0001987f      0x1ef ./Core/Src/main.o
 .debug_macro   0x00019a6e      0x146 ./Core/Src/main.o
 .debug_macro   0x00019bb4       0x28 ./Core/Src/main.o
 .debug_macro   0x00019bdc       0x61 ./Core/Src/main.o
 .debug_macro   0x00019c3d       0x24 ./Core/Src/main.o
 .debug_macro   0x00019c61       0x43 ./Core/Src/main.o
 .debug_macro   0x00019ca4       0x34 ./Core/Src/main.o
 .debug_macro   0x00019cd8       0x16 ./Core/Src/main.o
 .debug_macro   0x00019cee       0x3c ./Core/Src/main.o
 .debug_macro   0x00019d2a      0x364 ./Core/Src/main.o
 .debug_macro   0x0001a08e       0x10 ./Core/Src/main.o
 .debug_macro   0x0001a09e       0x16 ./Core/Src/main.o
 .debug_macro   0x0001a0b4       0x4a ./Core/Src/main.o
 .debug_macro   0x0001a0fe       0x34 ./Core/Src/main.o
 .debug_macro   0x0001a132       0x10 ./Core/Src/main.o
 .debug_macro   0x0001a142       0x58 ./Core/Src/main.o
 .debug_macro   0x0001a19a       0x8e ./Core/Src/main.o
 .debug_macro   0x0001a228       0x1c ./Core/Src/main.o
 .debug_macro   0x0001a244      0x17e ./Core/Src/main.o
 .debug_macro   0x0001a3c2       0x16 ./Core/Src/main.o
 .debug_macro   0x0001a3d8       0x16 ./Core/Src/main.o
 .debug_macro   0x0001a3ee      0x146 ./Core/Src/main.o
 .debug_macro   0x0001a534       0x16 ./Core/Src/main.o
 .debug_macro   0x0001a54a       0x16 ./Core/Src/main.o
 .debug_macro   0x0001a560       0x29 ./Core/Src/main.o
 .debug_macro   0x0001a589       0x16 ./Core/Src/main.o
 .debug_macro   0x0001a59f       0x20 ./Core/Src/main.o
 .debug_macro   0x0001a5bf       0x78 ./Core/Src/main.o
 .debug_macro   0x0001a637      0x209 ./Core/Src/main.o
 .debug_macro   0x0001a840      0x23a ./Core/Src/stm32g0xx_hal_msp.o
 .debug_macro   0x0001aa7a      0x244 ./Core/Src/stm32g0xx_it.o
 .debug_macro   0x0001acbe      0x1db ./Core/Src/system_stm32g0xx.o
 .debug_macro   0x0001ae99      0x1ff ./Drivers/STM32G0xx_HAL_Driver/Src/stm32g0xx_hal.o
 .debug_macro   0x0001b098      0x1db ./Drivers/STM32G0xx_HAL_Driver/Src/stm32g0xx_hal_cortex.o
 .debug_macro   0x0001b273      0x1db ./Drivers/STM32G0xx_HAL_Driver/Src/stm32g0xx_hal_flash.o
 .debug_macro   0x0001b44e      0x1db ./Drivers/STM32G0xx_HAL_Driver/Src/stm32g0xx_hal_flash_ex.o
 .debug_macro   0x0001b629      0x1e2 ./Drivers/STM32G0xx_HAL_Driver/Src/stm32g0xx_hal_gpio.o
 .debug_macro   0x0001b80b      0x1e7 ./Drivers/STM32G0xx_HAL_Driver/Src/stm32g0xx_hal_pcd.o
 .debug_macro   0x0001b9f2      0x1db ./Drivers/STM32G0xx_HAL_Driver/Src/stm32g0xx_hal_pcd_ex.o
 .debug_macro   0x0001bbcd      0x205 ./Drivers/STM32G0xx_HAL_Driver/Src/stm32g0xx_hal_pwr_ex.o
 .debug_macro   0x0001bdd2      0x1db ./Drivers/STM32G0xx_HAL_Driver/Src/stm32g0xx_ll_usb.o
 .debug_macro   0x0001bfad      0x284 ./Drivers/STM32G0xx_HAL_Driver/Src/stm32g0xx_ll_utils.o
 .debug_macro   0x0001c231       0x77 ./Drivers/STM32G0xx_HAL_Driver/Src/stm32g0xx_ll_utils.o
 .debug_macro   0x0001c2a8      0x36a ./Middlewares/ST/STM32_USB_Device_Library/Class/DFU/Src/usbd_dfu.o
 .debug_macro   0x0001c612       0x9e ./Middlewares/ST/STM32_USB_Device_Library/Class/DFU/Src/usbd_dfu.o
 .debug_macro   0x0001c6b0      0x112 ./Middlewares/ST/STM32_USB_Device_Library/Class/DFU/Src/usbd_dfu.o
 .debug_macro   0x0001c7c2       0x56 ./Middlewares/ST/STM32_USB_Device_Library/Class/DFU/Src/usbd_dfu.o
 .debug_macro   0x0001c818      0x11c ./Middlewares/ST/STM32_USB_Device_Library/Class/DFU/Src/usbd_dfu.o
 .debug_macro   0x0001c934      0x351 ./Middlewares/ST/STM32_USB_Device_Library/Core/Src/usbd_core.o
 .debug_macro   0x0001cc85      0x20f ./Middlewares/ST/STM32_USB_Device_Library/Core/Src/usbd_core.o
 .debug_macro   0x0001ce94      0x35b ./Middlewares/ST/STM32_USB_Device_Library/Core/Src/usbd_ctlreq.o
 .debug_macro   0x0001d1ef      0x357 ./Middlewares/ST/STM32_USB_Device_Library/Core/Src/usbd_ioreq.o
 .debug_macro   0x0001d546      0x391 ./USB_Device/App/usb_device.o
 .debug_macro   0x0001d8d7       0x22 ./USB_Device/App/usb_device.o
 .debug_macro   0x0001d8f9      0x38e ./USB_Device/App/usbd_desc.o
 .debug_macro   0x0001dc87       0x1c ./USB_Device/App/usbd_desc.o
 .debug_macro   0x0001dca3      0x382 ./USB_Device/App/usbd_dfu_flash.o
 .debug_macro   0x0001e025      0x374 ./USB_Device/Target/usbd_conf.o

.debug_line     0x00000000    0x111f3
 .debug_line    0x00000000      0xbe7 ./Core/Src/main.o
 .debug_line    0x00000be7      0x7c4 ./Core/Src/stm32g0xx_hal_msp.o
 .debug_line    0x000013ab      0x838 ./Core/Src/stm32g0xx_it.o
 .debug_line    0x00001be3      0x77c ./Core/Src/system_stm32g0xx.o
 .debug_line    0x0000235f       0x7b ./Core/Startup/startup_stm32g0b1cbtx.o
 .debug_line    0x000023da      0xaf5 ./Drivers/STM32G0xx_HAL_Driver/Src/stm32g0xx_hal.o
 .debug_line    0x00002ecf      0xb57 ./Drivers/STM32G0xx_HAL_Driver/Src/stm32g0xx_hal_cortex.o
 .debug_line    0x00003a26      0xa54 ./Drivers/STM32G0xx_HAL_Driver/Src/stm32g0xx_hal_flash.o
 .debug_line    0x0000447a     0x1006 ./Drivers/STM32G0xx_HAL_Driver/Src/stm32g0xx_hal_flash_ex.o
 .debug_line    0x00005480      0xb27 ./Drivers/STM32G0xx_HAL_Driver/Src/stm32g0xx_hal_gpio.o
 .debug_line    0x00005fa7     0x1382 ./Drivers/STM32G0xx_HAL_Driver/Src/stm32g0xx_hal_pcd.o
 .debug_line    0x00007329      0x8a7 ./Drivers/STM32G0xx_HAL_Driver/Src/stm32g0xx_hal_pcd_ex.o
 .debug_line    0x00007bd0      0xba3 ./Drivers/STM32G0xx_HAL_Driver/Src/stm32g0xx_hal_pwr_ex.o
 .debug_line    0x00008773     0x155e ./Drivers/STM32G0xx_HAL_Driver/Src/stm32g0xx_ll_usb.o
 .debug_line    0x00009cd1      0xb72 ./Drivers/STM32G0xx_HAL_Driver/Src/stm32g0xx_ll_utils.o
 .debug_line    0x0000a843     0x1199 ./Middlewares/ST/STM32_USB_Device_Library/Class/DFU/Src/usbd_dfu.o
 .debug_line    0x0000b9dc      0xf05 ./Middlewares/ST/STM32_USB_Device_Library/Core/Src/usbd_core.o
 .debug_line    0x0000c8e1     0x1125 ./Middlewares/ST/STM32_USB_Device_Library/Core/Src/usbd_ctlreq.o
 .debug_line    0x0000da06      0xa1d ./Middlewares/ST/STM32_USB_Device_Library/Core/Src/usbd_ioreq.o
 .debug_line    0x0000e423      0x9ec ./USB_Device/App/usb_device.o
 .debug_line    0x0000ee0f      0xa92 ./USB_Device/App/usbd_desc.o
 .debug_line    0x0000f8a1      0xb0d ./USB_Device/App/usbd_dfu_flash.o
 .debug_line    0x000103ae      0xe45 ./USB_Device/Target/usbd_conf.o

.debug_str      0x00000000    0xb4992
 .debug_str     0x00000000    0xb4992 ./Core/Src/main.o
                              0xb070f (size before relaxing)
 .debug_str     0x000b4992    0xac1a8 ./Core/Src/stm32g0xx_hal_msp.o
 .debug_str     0x000b4992    0xac4fe ./Core/Src/stm32g0xx_it.o
 .debug_str     0x000b4992    0xa7b85 ./Core/Src/system_stm32g0xx.o
 .debug_str     0x000b4992       0x81 ./Core/Startup/startup_stm32g0b1cbtx.o
 .debug_str     0x000b4992    0xa845e ./Drivers/STM32G0xx_HAL_Driver/Src/stm32g0xx_hal.o
 .debug_str     0x000b4992    0xa8096 ./Drivers/STM32G0xx_HAL_Driver/Src/stm32g0xx_hal_cortex.o
 .debug_str     0x000b4992    0xa7df9 ./Drivers/STM32G0xx_HAL_Driver/Src/stm32g0xx_hal_flash.o
 .debug_str     0x000b4992    0xa803b ./Drivers/STM32G0xx_HAL_Driver/Src/stm32g0xx_hal_flash_ex.o
 .debug_str     0x000b4992    0xa7ce8 ./Drivers/STM32G0xx_HAL_Driver/Src/stm32g0xx_hal_gpio.o
 .debug_str     0x000b4992    0xa8463 ./Drivers/STM32G0xx_HAL_Driver/Src/stm32g0xx_hal_pcd.o
 .debug_str     0x000b4992    0xa8034 ./Drivers/STM32G0xx_HAL_Driver/Src/stm32g0xx_hal_pcd_ex.o
 .debug_str     0x000b4992    0xa8107 ./Drivers/STM32G0xx_HAL_Driver/Src/stm32g0xx_hal_pwr_ex.o
 .debug_str     0x000b4992    0xa820b ./Drivers/STM32G0xx_HAL_Driver/Src/stm32g0xx_ll_usb.o
 .debug_str     0x000b4992    0xaa29b ./Drivers/STM32G0xx_HAL_Driver/Src/stm32g0xx_ll_utils.o
 .debug_str     0x000b4992    0xacc02 ./Middlewares/ST/STM32_USB_Device_Library/Class/DFU/Src/usbd_dfu.o
 .debug_str     0x000b4992    0xac5bf ./Middlewares/ST/STM32_USB_Device_Library/Core/Src/usbd_core.o
 .debug_str     0x000b4992    0xac3ea ./Middlewares/ST/STM32_USB_Device_Library/Core/Src/usbd_ctlreq.o
 .debug_str     0x000b4992    0xac2bf ./Middlewares/ST/STM32_USB_Device_Library/Core/Src/usbd_ioreq.o
 .debug_str     0x000b4992    0xac894 ./USB_Device/App/usb_device.o
 .debug_str     0x000b4992    0xac19b ./USB_Device/App/usbd_desc.o
 .debug_str     0x000b4992    0xac54f ./USB_Device/App/usbd_dfu_flash.o
 .debug_str     0x000b4992    0xad3c2 ./USB_Device/Target/usbd_conf.o

.comment        0x00000000       0x43
 .comment       0x00000000       0x43 ./Core/Src/main.o
                                 0x44 (size before relaxing)
 .comment       0x00000043       0x44 ./Core/Src/stm32g0xx_hal_msp.o
 .comment       0x00000043       0x44 ./Core/Src/stm32g0xx_it.o
 .comment       0x00000043       0x44 ./Core/Src/system_stm32g0xx.o
 .comment       0x00000043       0x44 ./Drivers/STM32G0xx_HAL_Driver/Src/stm32g0xx_hal.o
 .comment       0x00000043       0x44 ./Drivers/STM32G0xx_HAL_Driver/Src/stm32g0xx_hal_cortex.o
 .comment       0x00000043       0x44 ./Drivers/STM32G0xx_HAL_Driver/Src/stm32g0xx_hal_flash.o
 .comment       0x00000043       0x44 ./Drivers/STM32G0xx_HAL_Driver/Src/stm32g0xx_hal_flash_ex.o
 .comment       0x00000043       0x44 ./Drivers/STM32G0xx_HAL_Driver/Src/stm32g0xx_hal_gpio.o
 .comment       0x00000043       0x44 ./Drivers/STM32G0xx_HAL_Driver/Src/stm32g0xx_hal_pcd.o
 .comment       0x00000043       0x44 ./Drivers/STM32G0xx_HAL_Driver/Src/stm32g0xx_hal_pcd_ex.o
 .comment       0x00000043       0x44 ./Drivers/STM32G0xx_HAL_Driver/Src/stm32g0xx_hal_pwr_ex.o
 .comment       0x00000043       0x44 ./Drivers/STM32G0xx_HAL_Driver/Src/stm32g0xx_ll_usb.o
 .comment       0x00000043       0x44 ./Drivers/STM32G0xx_HAL_Driver/Src/stm32g0xx_ll_utils.o
 .comment       0x00000043       0x44 ./Middlewares/ST/STM32_USB_Device_Library/Class/DFU/Src/usbd_dfu.o
 .comment       0x00000043       0x44 ./Middlewares/ST/STM32_USB_Device_Library/Core/Src/usbd_core.o
 .comment       0x00000043       0x44 ./Middlewares/ST/STM32_USB_Device_Library/Core/Src/usbd_ctlreq.o
 .comment       0x00000043       0x44 ./Middlewares/ST/STM32_USB_Device_Library/Core/Src/usbd_ioreq.o
 .comment       0x00000043       0x44 ./USB_Device/App/usb_device.o
 .comment       0x00000043       0x44 ./USB_Device/App/usbd_desc.o
 .comment       0x00000043       0x44 ./USB_Device/App/usbd_dfu_flash.o
 .comment       0x00000043       0x44 ./USB_Device/Target/usbd_conf.o

.debug_frame    0x00000000     0x31b8
 .debug_frame   0x00000000      0x174 ./Core/Src/main.o
 .debug_frame   0x00000174       0x30 ./Core/Src/stm32g0xx_hal_msp.o
 .debug_frame   0x000001a4       0xb8 ./Core/Src/stm32g0xx_it.o
 .debug_frame   0x0000025c       0x4c ./Core/Src/system_stm32g0xx.o
 .debug_frame   0x000002a8      0x41c ./Drivers/STM32G0xx_HAL_Driver/Src/stm32g0xx_hal.o
 .debug_frame   0x000006c4      0x33c ./Drivers/STM32G0xx_HAL_Driver/Src/stm32g0xx_hal_cortex.o
 .debug_frame   0x00000a00      0x1d4 ./Drivers/STM32G0xx_HAL_Driver/Src/stm32g0xx_hal_flash.o
 .debug_frame   0x00000bd4      0x36c ./Drivers/STM32G0xx_HAL_Driver/Src/stm32g0xx_hal_flash_ex.o
 .debug_frame   0x00000f40      0x130 ./Drivers/STM32G0xx_HAL_Driver/Src/stm32g0xx_hal_gpio.o
 .debug_frame   0x00001070      0x500 ./Drivers/STM32G0xx_HAL_Driver/Src/stm32g0xx_hal_pcd.o
 .debug_frame   0x00001570      0x110 ./Drivers/STM32G0xx_HAL_Driver/Src/stm32g0xx_hal_pcd_ex.o
 .debug_frame   0x00001680      0x3f4 ./Drivers/STM32G0xx_HAL_Driver/Src/stm32g0xx_hal_pwr_ex.o
 .debug_frame   0x00001a74      0x47c ./Drivers/STM32G0xx_HAL_Driver/Src/stm32g0xx_ll_usb.o
 .debug_frame   0x00001ef0      0x324 ./Drivers/STM32G0xx_HAL_Driver/Src/stm32g0xx_ll_utils.o
 .debug_frame   0x00002214      0x28c ./Middlewares/ST/STM32_USB_Device_Library/Class/DFU/Src/usbd_dfu.o
 .debug_frame   0x000024a0      0x320 ./Middlewares/ST/STM32_USB_Device_Library/Core/Src/usbd_core.o
 .debug_frame   0x000027c0      0x1fc ./Middlewares/ST/STM32_USB_Device_Library/Core/Src/usbd_ctlreq.o
 .debug_frame   0x000029bc       0xf0 ./Middlewares/ST/STM32_USB_Device_Library/Core/Src/usbd_ioreq.o
 .debug_frame   0x00002aac       0x2c ./USB_Device/App/usb_device.o
 .debug_frame   0x00002ad8      0x130 ./USB_Device/App/usbd_desc.o
 .debug_frame   0x00002c08       0xcc ./USB_Device/App/usbd_dfu_flash.o
 .debug_frame   0x00002cd4      0x478 ./USB_Device/Target/usbd_conf.o
 .debug_frame   0x0000314c       0x20 /Applications/STM32CubeIDE.app/Contents/Eclipse/plugins/com.st.stm32cube.ide.mcu.externaltools.gnu-tools-for-stm32.14.3.rel1.macos64_1.0.100.202602081740/tools/bin/../lib/gcc/arm-none-eabi/14.3.1/../../../../arm-none-eabi/lib/thumb/v6-m/nofp/libc_nano.a(libc_a-memset.o)
 .debug_frame   0x0000316c       0x2c /Applications/STM32CubeIDE.app/Contents/Eclipse/plugins/com.st.stm32cube.ide.mcu.externaltools.gnu-tools-for-stm32.14.3.rel1.macos64_1.0.100.202602081740/tools/bin/../lib/gcc/arm-none-eabi/14.3.1/../../../../arm-none-eabi/lib/thumb/v6-m/nofp/libc_nano.a(libc_a-init.o)
 .debug_frame   0x00003198       0x20 /Applications/STM32CubeIDE.app/Contents/Eclipse/plugins/com.st.stm32cube.ide.mcu.externaltools.gnu-tools-for-stm32.14.3.rel1.macos64_1.0.100.202602081740/tools/bin/../lib/gcc/arm-none-eabi/14.3.1/thumb/v6-m/nofp/libgcc.a(_udivsi3.o)

.debug_line_str
                0x00000000       0x65
 .debug_line_str
                0x00000000       0x65 ./Core/Startup/startup_stm32g0b1cbtx.o
